<html>
<body>
<pre>
<h1>µVision Build Log</h1>
<h2>Tool Versions:</h2>
IDE-Version: ¦ÌVision V5.36.0.0
Copyright (C) 2021 ARM Ltd and ARM Germany GmbH. All rights reserved.
License Information: Yu Eason, Huawei, LIC=14HV2-9GR1S-EVL1R-K0H31-YCSLG-LJJ7W
 
Tool Versions:
Toolchain:       MDK-ARM Plus  Version: 5.36.0.0
Toolchain Path:  E:\Keil_v5\ARM\ARMCC\Bin
C Compiler:      Armcc.exe V5.06 update 7 (build 960)
Assembler:       Armasm.exe V5.06 update 7 (build 960)
Linker/Locator:  ArmLink.exe V5.06 update 7 (build 960)
Library Manager: ArmAr.exe V5.06 update 7 (build 960)
Hex Converter:   FromElf.exe V5.06 update 7 (build 960)
CPU DLL:         SARMCM3.DLL V5.36.0.0
Dialog DLL:      DARMCM1.DLL V1.19.4.0
Target DLL:      STLink\ST-LINKIII-KEIL_SWO.dll V3.0.9.0
Dialog DLL:      TARMCM1.DLL V1.14.4.0
 
<h2>Project:</h2>
G:\CPP_WorkSpace\forest_detection\MDK-ARM\forest_detection.uvprojx
Project File Date:  01/13/2023

<h2>Output:</h2>
*** Using Compiler 'V5.06 update 7 (build 960)', folder: 'E:\Keil_v5\ARM\ARMCC\Bin'
Build target 'forest_detection'
compiling modbus_interface.c...
linking...
Program Size: Code=9908 RO-data=436 RW-data=380 ZI-data=2732  
FromELF: creating hex file...
After Build - User command #1: fromelf.exe --bin -o "G:\CPP_WorkSpace\forest_detection\MDK-ARM\output\forest_detection.bin" "G:\CPP_WorkSpace\forest_detection\MDK-ARM\output\forest_detection.axf"
After Build - User command #2: fromelf.exe --info=totals "G:\CPP_WorkSpace\forest_detection\MDK-ARM\output\forest_detection.axf"
========================================================================
Object file sizes
      Code (inc. data)   RO Data    RW Data    ZI Data      Debug
      9908        594        436        380       2732     375074   Grand Totals
      9908        594        436        232          0          0   ROM Totals
========================================================================
    Total RO  Size (Code + RO Data)                10344 (  10.10kB)
    Total RW  Size (RW Data + ZI Data)              3112 (   3.04kB)
    Total RW  Size (after compression)              2964 (   2.89kB)
    Total ROM Size (Code + RO Data + RW Data)      10576 (  10.33kB)
========================================================================
".\output\forest_detection.axf" - 0 Error(s), 0 Warning(s).

<h2>Software Packages used:</h2>

Package Vendor: ARM
                http://www.keil.com/pack/ARM.CMSIS.5.8.0.pack
                ARM.CMSIS.5.8.0
                CMSIS (Common Microcontroller Software Interface Standard)
   * Component: CORE Version: 5.5.0

Package Vendor: Keil
                http://www.keil.com/pack/Keil.STM32L0xx_DFP.2.0.1.pack
                Keil.STM32L0xx_DFP.2.0.1
                STMicroelectronics STM32L0 Series Device Support, Drivers and Examples

<h2>Collection of Component include folders:</h2>
  .\RTE\_forest_detection
  E:\Keil_v5\Packs\ARM\CMSIS\5.8.0\CMSIS\Core\Include
  E:\Keil_v5\Packs\Keil\STM32L0xx_DFP\2.0.1\Drivers\CMSIS\Device\ST\STM32L0xx\Include

<h2>Collection of Component Files used:</h2>

   * Component: ARM::CMSIS:CORE:5.5.0
      Include file:  CMSIS\Core\Include\tz_context.h
Build Time Elapsed:  00:00:02
</pre>
</body>
</html>
