Archive member included to satisfy reference by file (symbol)

e:/gcc-arm-none-eabi/bin/../lib/gcc/arm-none-eabi/10.3.1/thumb/v6-m/nofp\libgcc.a(_udivsi3.o)
                              CMakeFiles/forest_detection.elf.dir/Core/Src/system_stm32l0xx.c.obj (__aeabi_uidiv)
e:/gcc-arm-none-eabi/bin/../lib/gcc/arm-none-eabi/10.3.1/thumb/v6-m/nofp\libgcc.a(_dvmd_tls.o)
                              e:/gcc-arm-none-eabi/bin/../lib/gcc/arm-none-eabi/10.3.1/thumb/v6-m/nofp\libgcc.a(_udivsi3.o) (__aeabi_idiv0)
e:/gcc-arm-none-eabi/bin/../lib/gcc/arm-none-eabi/10.3.1/thumb/v6-m/nofp\libgcc.a(_aeabi_uldivmod.o)
                              CMakeFiles/forest_detection.elf.dir/Drivers/STM32L0xx_HAL_Driver/Src/stm32l0xx_hal_rcc.c.obj (__aeabi_uldivmod)
e:/gcc-arm-none-eabi/bin/../lib/gcc/arm-none-eabi/10.3.1/thumb/v6-m/nofp\libgcc.a(_muldi3.o)
                              CMakeFiles/forest_detection.elf.dir/Drivers/STM32L0xx_HAL_Driver/Src/stm32l0xx_hal_rcc.c.obj (__aeabi_lmul)
e:/gcc-arm-none-eabi/bin/../lib/gcc/arm-none-eabi/10.3.1/thumb/v6-m/nofp\libgcc.a(_udivmoddi4.o)
                              e:/gcc-arm-none-eabi/bin/../lib/gcc/arm-none-eabi/10.3.1/thumb/v6-m/nofp\libgcc.a(_aeabi_uldivmod.o) (__udivmoddi4)
e:/gcc-arm-none-eabi/bin/../lib/gcc/arm-none-eabi/10.3.1/thumb/v6-m/nofp\libgcc.a(_clzdi2.o)
                              e:/gcc-arm-none-eabi/bin/../lib/gcc/arm-none-eabi/10.3.1/thumb/v6-m/nofp\libgcc.a(_udivmoddi4.o) (__clzdi2)
e:/gcc-arm-none-eabi/bin/../lib/gcc/arm-none-eabi/10.3.1/thumb/v6-m/nofp\libgcc.a(_clzsi2.o)
                              e:/gcc-arm-none-eabi/bin/../lib/gcc/arm-none-eabi/10.3.1/thumb/v6-m/nofp\libgcc.a(_clzdi2.o) (__clzsi2)
e:/gcc-arm-none-eabi/bin/../lib/gcc/arm-none-eabi/10.3.1/../../../../arm-none-eabi/lib/thumb/v6-m/nofp\libg.a(lib_a-atoi.o)
                              CMakeFiles/forest_detection.elf.dir/Add/Src/me3616.c.obj (atoi)
e:/gcc-arm-none-eabi/bin/../lib/gcc/arm-none-eabi/10.3.1/../../../../arm-none-eabi/lib/thumb/v6-m/nofp\libg.a(lib_a-errno.o)
                              CMakeFiles/forest_detection.elf.dir/Core/Src/syscalls.c.obj (__errno)
e:/gcc-arm-none-eabi/bin/../lib/gcc/arm-none-eabi/10.3.1/../../../../arm-none-eabi/lib/thumb/v6-m/nofp\libg.a(lib_a-exit.o)
                              e:/gcc-arm-none-eabi/bin/../lib/gcc/arm-none-eabi/10.3.1/../../../../arm-none-eabi/lib/thumb/v6-m/nofp/crt0.o (exit)
e:/gcc-arm-none-eabi/bin/../lib/gcc/arm-none-eabi/10.3.1/../../../../arm-none-eabi/lib/thumb/v6-m/nofp\libg.a(lib_a-impure.o)
                              e:/gcc-arm-none-eabi/bin/../lib/gcc/arm-none-eabi/10.3.1/../../../../arm-none-eabi/lib/thumb/v6-m/nofp\libg.a(lib_a-exit.o) (_global_impure_ptr)
e:/gcc-arm-none-eabi/bin/../lib/gcc/arm-none-eabi/10.3.1/../../../../arm-none-eabi/lib/thumb/v6-m/nofp\libg.a(lib_a-init.o)
                              e:/gcc-arm-none-eabi/bin/../lib/gcc/arm-none-eabi/10.3.1/../../../../arm-none-eabi/lib/thumb/v6-m/nofp/crt0.o (__libc_init_array)
e:/gcc-arm-none-eabi/bin/../lib/gcc/arm-none-eabi/10.3.1/../../../../arm-none-eabi/lib/thumb/v6-m/nofp\libg.a(lib_a-memcpy-stub.o)
                              CMakeFiles/forest_detection.elf.dir/Core/Src/usart.c.obj (memcpy)
e:/gcc-arm-none-eabi/bin/../lib/gcc/arm-none-eabi/10.3.1/../../../../arm-none-eabi/lib/thumb/v6-m/nofp\libg.a(lib_a-memset.o)
                              e:/gcc-arm-none-eabi/bin/../lib/gcc/arm-none-eabi/10.3.1/../../../../arm-none-eabi/lib/thumb/v6-m/nofp/crt0.o (memset)
e:/gcc-arm-none-eabi/bin/../lib/gcc/arm-none-eabi/10.3.1/../../../../arm-none-eabi/lib/thumb/v6-m/nofp\libg.a(lib_a-printf.o)
                              CMakeFiles/forest_detection.elf.dir/Add/Src/me3616.c.obj (printf)
e:/gcc-arm-none-eabi/bin/../lib/gcc/arm-none-eabi/10.3.1/../../../../arm-none-eabi/lib/thumb/v6-m/nofp\libg.a(lib_a-puts.o)
                              CMakeFiles/forest_detection.elf.dir/Add/Src/me3616.c.obj (puts)
e:/gcc-arm-none-eabi/bin/../lib/gcc/arm-none-eabi/10.3.1/../../../../arm-none-eabi/lib/thumb/v6-m/nofp\libg.a(lib_a-sprintf.o)
                              CMakeFiles/forest_detection.elf.dir/Add/Src/me3616.c.obj (sprintf)
e:/gcc-arm-none-eabi/bin/../lib/gcc/arm-none-eabi/10.3.1/../../../../arm-none-eabi/lib/thumb/v6-m/nofp\libg.a(lib_a-strcpy.o)
                              CMakeFiles/forest_detection.elf.dir/Add/Src/me3616.c.obj (strcpy)
e:/gcc-arm-none-eabi/bin/../lib/gcc/arm-none-eabi/10.3.1/../../../../arm-none-eabi/lib/thumb/v6-m/nofp\libg.a(lib_a-strlen-stub.o)
                              CMakeFiles/forest_detection.elf.dir/Add/Src/me3616.c.obj (strlen)
e:/gcc-arm-none-eabi/bin/../lib/gcc/arm-none-eabi/10.3.1/../../../../arm-none-eabi/lib/thumb/v6-m/nofp\libg.a(lib_a-strstr.o)
                              CMakeFiles/forest_detection.elf.dir/Add/Src/me3616.c.obj (strstr)
e:/gcc-arm-none-eabi/bin/../lib/gcc/arm-none-eabi/10.3.1/../../../../arm-none-eabi/lib/thumb/v6-m/nofp\libg.a(lib_a-strtok.o)
[...]
Memory Configuration

Name             Origin             Length             Attributes
RAM              0x20000000         0x00002000         xrw
FLASH            0x08000000         0x00008000         xr
*default*        0x00000000         0xffffffff

Linker script and memory map

LOAD e:/gcc-arm-none-eabi/bin/../lib/gcc/arm-none-eabi/10.3.1/thumb/v6-m/nofp/crti.o
LOAD e:/gcc-arm-none-eabi/bin/../lib/gcc/arm-none-eabi/10.3.1/thumb/v6-m/nofp/crtbegin.o
LOAD e:/gcc-arm-none-eabi/bin/../lib/gcc/arm-none-eabi/10.3.1/../../../../arm-none-eabi/lib/thumb/v6-m/nofp/crt0.o
LOAD CMakeFiles/forest_detection.elf.dir/Add/Src/led.c.obj
LOAD CMakeFiles/forest_detection.elf.dir/Add/Src/me3616.c.obj
LOAD CMakeFiles/forest_detection.elf.dir/Core/Src/adc.c.obj
LOAD CMakeFiles/forest_detection.elf.dir/Core/Src/gpio.c.obj
LOAD CMakeFiles/forest_detection.elf.dir/Core/Src/main.c.obj
LOAD CMakeFiles/forest_detection.elf.dir/Core/Src/stm32l0xx_hal_msp.c.obj
LOAD CMakeFiles/forest_detection.elf.dir/Core/Src/stm32l0xx_it.c.obj
LOAD CMakeFiles/forest_detection.elf.dir/Core/Src/syscalls.c.obj
LOAD CMakeFiles/forest_detection.elf.dir/Core/Src/system_stm32l0xx.c.obj
LOAD CMakeFiles/forest_detection.elf.dir/Core/Src/tim.c.obj
LOAD CMakeFiles/forest_detection.elf.dir/Core/Src/usart.c.obj
LOAD CMakeFiles/forest_detection.elf.dir/Drivers/STM32L0xx_HAL_Driver/Src/stm32l0xx_hal.c.obj
LOAD CMakeFiles/forest_detection.elf.dir/Drivers/STM32L0xx_HAL_Driver/Src/stm32l0xx_hal_adc.c.obj
LOAD CMakeFiles/forest_detection.elf.dir/Drivers/STM32L0xx_HAL_Driver/Src/stm32l0xx_hal_adc_ex.c.obj
LOAD CMakeFiles/forest_detection.elf.dir/Drivers/STM32L0xx_HAL_Driver/Src/stm32l0xx_hal_cortex.c.obj
LOAD CMakeFiles/forest_detection.elf.dir/Drivers/STM32L0xx_HAL_Driver/Src/stm32l0xx_hal_dma.c.obj
LOAD CMakeFiles/forest_detection.elf.dir/Drivers/STM32L0xx_HAL_Driver/Src/stm32l0xx_hal_exti.c.obj
LOAD CMakeFiles/forest_detection.elf.dir/Drivers/STM32L0xx_HAL_Driver/Src/stm32l0xx_hal_flash.c.obj
LOAD CMakeFiles/forest_detection.elf.dir/Drivers/STM32L0xx_HAL_Driver/Src/stm32l0xx_hal_flash_ex.c.obj
LOAD CMakeFiles/forest_detection.elf.dir/Drivers/STM32L0xx_HAL_Driver/Src/stm32l0xx_hal_flash_ramfunc.c.obj
LOAD CMakeFiles/forest_detection.elf.dir/Drivers/STM32L0xx_HAL_Driver/Src/stm32l0xx_hal_gpio.c.obj
LOAD CMakeFiles/forest_detection.elf.dir/Drivers/STM32L0xx_HAL_Driver/Src/stm32l0xx_hal_i2c.c.obj
LOAD CMakeFiles/forest_detection.elf.dir/Drivers/STM32L0xx_HAL_Driver/Src/stm32l0xx_hal_i2c_ex.c.obj
LOAD CMakeFiles/forest_detection.elf.dir/Drivers/STM32L0xx_HAL_Driver/Src/stm32l0xx_hal_pwr.c.obj
LOAD CMakeFiles/forest_detection.elf.dir/Drivers/STM32L0xx_HAL_Driver/Src/stm32l0xx_hal_pwr_ex.c.obj
LOAD CMakeFiles/forest_detection.elf.dir/Drivers/STM32L0xx_HAL_Driver/Src/stm32l0xx_hal_rcc.c.obj
LOAD CMakeFiles/forest_detection.elf.dir/Drivers/STM32L0xx_HAL_Driver/Src/stm32l0xx_hal_rcc_ex.c.obj
LOAD CMakeFiles/forest_detection.elf.dir/Drivers/STM32L0xx_HAL_Driver/Src/stm32l0xx_hal_tim.c.obj
LOAD CMakeFiles/forest_detection.elf.dir/Drivers/STM32L0xx_HAL_Driver/Src/stm32l0xx_hal_tim_ex.c.obj
LOAD CMakeFiles/forest_detection.elf.dir/Drivers/STM32L0xx_HAL_Driver/Src/stm32l0xx_hal_uart.c.obj
LOAD CMakeFiles/forest_detection.elf.dir/Drivers/STM32L0xx_HAL_Driver/Src/stm32l0xx_hal_uart_ex.c.obj
LOAD CMakeFiles/forest_detection.elf.dir/startup/startup_stm32l031xx.s.obj
START GROUP
LOAD e:/gcc-arm-none-eabi/bin/../lib/gcc/arm-none-eabi/10.3.1/thumb/v6-m/nofp\libgcc.a
LOAD e:/gcc-arm-none-eabi/bin/../lib/gcc/arm-none-eabi/10.3.1/../../../../arm-none-eabi/lib/thumb/v6-m/nofp\libg.a
LOAD e:/gcc-arm-none-eabi/bin/../lib/gcc/arm-none-eabi/10.3.1/../../../../arm-none-eabi/lib/thumb/v6-m/nofp\libc.a
END GROUP
LOAD e:/gcc-arm-none-eabi/bin/../lib/gcc/arm-none-eabi/10.3.1/thumb/v6-m/nofp/crtend.o
LOAD e:/gcc-arm-none-eabi/bin/../lib/gcc/arm-none-eabi/10.3.1/thumb/v6-m/nofp/crtn.o
                0x20002000                _estack = 0x20002000
                0x00000200                _Min_Heap_Size = 0x200
                0x00000400                _Min_Stack_Size = 0x400

.isr_vector     0x08000000       0xc0
                0x08000000                . = ALIGN (0x4)
 *(.isr_vector)
 .isr_vector    0x08000000       0xc0 CMakeFiles/forest_detection.elf.dir/startup/startup_stm32l031xx.s.obj
                0x08000000                g_pfnVectors
                0x080000c0                . = ALIGN (0x4)

.text           0x080000c0     0xaa70
                0x080000c0                . = ALIGN (0x4)
 *(.text)
 .text          0x080000c0       0x48 e:/gcc-arm-none-eabi/bin/../lib/gcc/arm-none-eabi/10.3.1/thumb/v6-m/nofp/crtbegin.o
 .text          0x08000108      0x114 e:/gcc-arm-none-eabi/bin/../lib/gcc/arm-none-eabi/10.3.1/thumb/v6-m/nofp\libgcc.a(_udivsi3.o)
                0x08000108                __aeabi_uidiv
                0x08000108                __udivsi3
                0x08000214                __aeabi_uidivmod
 .text          0x0800021c        0x4 e:/gcc-arm-none-eabi/bin/../lib/gcc/arm-none-eabi/10.3.1/thumb/v6-m/nofp\libgcc.a(_dvmd_tls.o)
                0x0800021c                __aeabi_idiv0
                0x0800021c                __aeabi_ldiv0
 .text          0x08000220       0x40 e:/gcc-arm-none-eabi/bin/../lib/gcc/arm-none-eabi/10.3.1/thumb/v6-m/nofp\libgcc.a(_aeabi_uldivmod.o)
                0x08000220                __aeabi_uldivmod
 .text          0x08000260       0x5c e:/gcc-arm-none-eabi/bin/../lib/gcc/arm-none-eabi/10.3.1/thumb/v6-m/nofp\libgcc.a(_muldi3.o)
                0x08000260                __muldi3
                0x08000260                __aeabi_lmul
 .text          0x080002bc      0x198 e:/gcc-arm-none-eabi/bin/../lib/gcc/arm-none-eabi/10.3.1/thumb/v6-m/nofp\libgcc.a(_udivmoddi4.o)
                0x080002bc                __udivmoddi4
 .text          0x08000454       0x18 e:/gcc-arm-none-eabi/bin/../lib/gcc/arm-none-eabi/10.3.1/thumb/v6-m/nofp\libgcc.a(_clzdi2.o)
                0x08000454                __clzdi2
 .text          0x0800046c       0x3c e:/gcc-arm-none-eabi/bin/../lib/gcc/arm-none-eabi/10.3.1/thumb/v6-m/nofp\libgcc.a(_clzsi2.o)
                0x0800046c                __clzsi2
 .text          0x080004a8      0x1d4 e:/gcc-arm-none-eabi/bin/../lib/gcc/arm-none-eabi/10.3.1/thumb/v6-m/nofp\libgcc.a(_divsi3.o)
                0x080004a8                __divsi3
                0x080004a8                __aeabi_idiv
                0x08000674                __aeabi_idivmod
 .text          0x0800067c       0x7c e:/gcc-arm-none-eabi/bin/../lib/gcc/arm-none-eabi/10.3.1/thumb/v6-m/nofp\libgcc.a(_arm_cmpdf2.o)
                0x0800067c                __aeabi_cdrcmple
                0x0800068c                __aeabi_cdcmple
                0x0800068c                __aeabi_cdcmpeq
                0x0800069c                __aeabi_dcmpeq
                0x080006a8                __aeabi_dcmplt
                0x080006bc                __aeabi_dcmple
                0x080006d0                __aeabi_dcmpgt
                0x080006e4                __aeabi_dcmpge
 .text          0x080006f8      0x678 e:/gcc-arm-none-eabi/bin/../lib/gcc/arm-none-eabi/10.3.1/thumb/v6-m/nofp\libgcc.a(adddf3.o)
                0x080006f8                __aeabi_dadd
 .text          0x08000d70      0x5ec e:/gcc-arm-none-eabi/bin/../lib/gcc/arm-none-eabi/10.3.1/thumb/v6-m/nofp\libgcc.a(divdf3.o)
                0x08000d70                __aeabi_ddiv
 .text          0x0800135c       0x84 e:/gcc-arm-none-eabi/bin/../lib/gcc/arm-none-eabi/10.3.1/thumb/v6-m/nofp\libgcc.a(eqdf2.o)
                0x0800135c                __nedf2
                0x0800135c                __eqdf2
 .text          0x080013e0       0xcc e:/gcc-arm-none-eabi/bin/../lib/gcc/arm-none-eabi/10.3.1/thumb/v6-m/nofp\libgcc.a(gedf2.o)
                0x080013e0                __gedf2
                0x080013e0                __gtdf2
 .text          0x080014ac       0xc8 e:/gcc-arm-none-eabi/bin/../lib/gcc/arm-none-eabi/10.3.1/thumb/v6-m/nofp\libgcc.a(ledf2.o)
                0x080014ac                __ledf2
                0x080014ac                __ltdf2
 .text          0x08001574      0x4d8 e:/gcc-arm-none-eabi/bin/../lib/gcc/arm-none-eabi/10.3.1/thumb/v6-m/nofp\libgcc.a(muldf3.o)
                0x08001574                __aeabi_dmul
 .text          0x08001a4c      0x724 e:/gcc-arm-none-eabi/bin/../lib/gcc/arm-none-eabi/10.3.1/thumb/v6-m/nofp\libgcc.a(subdf3.o)
                0x08001a4c                __aeabi_dsub
 .text          0x08002170       0x3c e:/gcc-arm-none-eabi/bin/../lib/gcc/arm-none-eabi/10.3.1/thumb/v6-m/nofp\libgcc.a(unorddf2.o)
                0x08002170                __aeabi_dcmpun
 .text          0x080021ac       0x6c e:/gcc-arm-none-eabi/bin/../lib/gcc/arm-none-eabi/10.3.1/thumb/v6-m/nofp\libgcc.a(fixdfsi.o)
                0x080021ac                __aeabi_d2iz
 .text          0x08002218       0x60 e:/gcc-arm-none-eabi/bin/../lib/gcc/arm-none-eabi/10.3.1/thumb/v6-m/nofp\libgcc.a(floatsidf.o)
                0x08002218                __aeabi_i2d
 .text          0x08002278       0x4c e:/gcc-arm-none-eabi/bin/../lib/gcc/arm-none-eabi/10.3.1/thumb/v6-m/nofp\libgcc.a(floatunsidf.o)
                0x08002278                __aeabi_ui2d
 *(.text*)
 .text.TIM21_IRQHandler
                0x080022c4       0x74 CMakeFiles/forest_detection.elf.dir/Add/Src/me3616.c.obj
                0x080022c4                TIM21_IRQHandler
 .text.MX_ADC_Init
                0x08002338       0xa0 CMakeFiles/forest_detection.elf.dir/Core/Src/adc.c.obj
                0x08002338                MX_ADC_Init
 .text.HAL_ADC_MspInit
                0x080023d8       0x54 CMakeFiles/forest_detection.elf.dir/Core/Src/adc.c.obj
                0x080023d8                HAL_ADC_MspInit
 .text.MX_GPIO_Init
                0x0800242c       0xe0 CMakeFiles/forest_detection.elf.dir/Core/Src/gpio.c.obj
                0x0800242c                MX_GPIO_Init
 .text.Error_Handler
                0x0800250c        0x4 CMakeFiles/forest_detection.elf.dir/Core/Src/main.c.obj
                0x0800250c                Error_Handler
 .text.SystemClock_Config
                0x08002510       0x94 CMakeFiles/forest_detection.elf.dir/Core/Src/main.c.obj
                0x08002510                SystemClock_Config
 .text.main     0x080025a4       0x2a CMakeFiles/forest_detection.elf.dir/Core/Src/main.c.obj
                0x080025a4                main
 *fill*         0x080025ce        0x2 
 .text.HAL_MspInit
                0x080025d0       0x1c CMakeFiles/forest_detection.elf.dir/Core/Src/stm32l0xx_hal_msp.c.obj
                0x080025d0                HAL_MspInit
 .text.NMI_Handler
                0x080025ec        0x2 CMakeFiles/forest_detection.elf.dir/Core/Src/stm32l0xx_it.c.obj
                0x080025ec                NMI_Handler
 .text.HardFault_Handler
                0x080025ee        0x2 CMakeFiles/forest_detection.elf.dir/Core/Src/stm32l0xx_it.c.obj
                0x080025ee                HardFault_Handler
 .text.SVC_Handler
                0x080025f0        0x2 CMakeFiles/forest_detection.elf.dir/Core/Src/stm32l0xx_it.c.obj
                0x080025f0                SVC_Handler
 .text.PendSV_Handler
                0x080025f2        0x2 CMakeFiles/forest_detection.elf.dir/Core/Src/stm32l0xx_it.c.obj
                0x080025f2                PendSV_Handler
 .text.SysTick_Handler
                0x080025f4        0x8 CMakeFiles/forest_detection.elf.dir/Core/Src/stm32l0xx_it.c.obj
                0x080025f4                SysTick_Handler
 .text._getpid  0x080025fc        0x4 CMakeFiles/forest_detection.elf.dir/Core/Src/syscalls.c.obj
                0x080025fc                _getpid
 .text._kill    0x08002600       0x10 CMakeFiles/forest_detection.elf.dir/Core/Src/syscalls.c.obj
                0x08002600                _kill
 .text._exit    0x08002610        0xc CMakeFiles/forest_detection.elf.dir/Core/Src/syscalls.c.obj
                0x08002610                _exit
 .text._read    0x0800261c       0x1c CMakeFiles/forest_detection.elf.dir/Core/Src/syscalls.c.obj
                0x0800261c                _read
 .text._write   0x08002638       0x1c CMakeFiles/forest_detection.elf.dir/Core/Src/syscalls.c.obj
                0x08002638                _write
 .text._sbrk    0x08002654       0x3c CMakeFiles/forest_detection.elf.dir/Core/Src/syscalls.c.obj
                0x08002654                _sbrk
 .text._close   0x08002690        0x6 CMakeFiles/forest_detection.elf.dir/Core/Src/syscalls.c.obj
                0x08002690                _close
 .text._fstat   0x08002696        0xa CMakeFiles/forest_detection.elf.dir/Core/Src/syscalls.c.obj
                0x08002696                _fstat
 .text._isatty  0x080026a0        0x4 CMakeFiles/forest_detection.elf.dir/Core/Src/syscalls.c.obj
                0x080026a0                _isatty
 .text._lseek   0x080026a4        0x4 CMakeFiles/forest_detection.elf.dir/Core/Src/syscalls.c.obj
                0x080026a4                _lseek
 .text.SystemInit
                0x080026a8        0x2 CMakeFiles/forest_detection.elf.dir/Core/Src/system_stm32l0xx.c.obj
                0x080026a8                SystemInit
 *fill*         0x080026aa        0x2 
 .text.MX_TIM21_Init
                0x080026ac       0x80 CMakeFiles/forest_detection.elf.dir/Core/Src/tim.c.obj
                0x080026ac                MX_TIM21_Init
 .text.HAL_TIM_Base_MspInit
                0x0800272c       0x30 CMakeFiles/forest_detection.elf.dir/Core/Src/tim.c.obj
                0x0800272c                HAL_TIM_Base_MspInit
 .text.UART1_Init
                0x0800275c       0x9c CMakeFiles/forest_detection.elf.dir/Core/Src/usart.c.obj
                0x0800275c                UART1_Init
 .text.USART2_Init
                0x080027f8      0x174 CMakeFiles/forest_detection.elf.dir/Core/Src/usart.c.obj
                0x080027f8                USART2_Init
 .text.LPUART1_IRQHandler
                0x0800296c       0x58 CMakeFiles/forest_detection.elf.dir/Core/Src/usart.c.obj
                0x0800296c                LPUART1_IRQHandler
 .text.USART2_IRQHandler
                0x080029c4       0x44 CMakeFiles/forest_detection.elf.dir/Core/Src/usart.c.obj
                0x080029c4                USART2_IRQHandler
 .text.UART2Send
                0x08002a08       0x18 CMakeFiles/forest_detection.elf.dir/Core/Src/usart.c.obj
                0x08002a08                UART2Send
 .text.HAL_InitTick
                0x08002a20       0x50 CMakeFiles/forest_detection.elf.dir/Drivers/STM32L0xx_HAL_Driver/Src/stm32l0xx_hal.c.obj
                0x08002a20                HAL_InitTick
 .text.HAL_Init
                0x08002a70       0x28 CMakeFiles/forest_detection.elf.dir/Drivers/STM32L0xx_HAL_Driver/Src/stm32l0xx_hal.c.obj
                0x08002a70                HAL_Init
 .text.HAL_IncTick
                0x08002a98       0x18 CMakeFiles/forest_detection.elf.dir/Drivers/STM32L0xx_HAL_Driver/Src/stm32l0xx_hal.c.obj
                0x08002a98                HAL_IncTick
 .text.HAL_GetTick
                0x08002ab0        0xc CMakeFiles/forest_detection.elf.dir/Drivers/STM32L0xx_HAL_Driver/Src/stm32l0xx_hal.c.obj
                0x08002ab0                HAL_GetTick
 .text.ADC_DelayMicroSecond
                0x08002abc       0x30 CMakeFiles/forest_detection.elf.dir/Drivers/STM32L0xx_HAL_Driver/Src/stm32l0xx_hal_adc.c.obj
 .text.HAL_ADC_Init
                0x08002aec      0x1ec CMakeFiles/forest_detection.elf.dir/Drivers/STM32L0xx_HAL_Driver/Src/stm32l0xx_hal_adc.c.obj
                0x08002aec                HAL_ADC_Init
 .text.HAL_ADC_ConfigChannel
                0x08002cd8       0xbc CMakeFiles/forest_detection.elf.dir/Drivers/STM32L0xx_HAL_Driver/Src/stm32l0xx_hal_adc.c.obj
                0x08002cd8                HAL_ADC_ConfigChannel
 .text.HAL_NVIC_SetPriority
                0x08002d94       0x60 CMakeFiles/forest_detection.elf.dir/Drivers/STM32L0xx_HAL_Driver/Src/stm32l0xx_hal_cortex.c.obj
                0x08002d94                HAL_NVIC_SetPriority
 .text.HAL_NVIC_EnableIRQ
                0x08002df4       0x18 CMakeFiles/forest_detection.elf.dir/Drivers/STM32L0xx_HAL_Driver/Src/stm32l0xx_hal_cortex.c.obj
                0x08002df4                HAL_NVIC_EnableIRQ
 .text.HAL_NVIC_DisableIRQ
                0x08002e0c       0x20 CMakeFiles/forest_detection.elf.dir/Drivers/STM32L0xx_HAL_Driver/Src/stm32l0xx_hal_cortex.c.obj
                0x08002e0c                HAL_NVIC_DisableIRQ
 .text.HAL_SYSTICK_Config
                0x08002e2c       0x38 CMakeFiles/forest_detection.elf.dir/Drivers/STM32L0xx_HAL_Driver/Src/stm32l0xx_hal_cortex.c.obj
                0x08002e2c                HAL_SYSTICK_Config
 .text.HAL_DMA_Abort
                0x08002e64       0x48 CMakeFiles/forest_detection.elf.dir/Drivers/STM32L0xx_HAL_Driver/Src/stm32l0xx_hal_dma.c.obj
                0x08002e64                HAL_DMA_Abort
 .text.HAL_DMA_Abort_IT
                0x08002eac       0x4e CMakeFiles/forest_detection.elf.dir/Drivers/STM32L0xx_HAL_Driver/Src/stm32l0xx_hal_dma.c.obj
                0x08002eac                HAL_DMA_Abort_IT
 *fill*         0x08002efa        0x2 
 .text.HAL_GPIO_Init
                0x08002efc      0x180 CMakeFiles/forest_detection.elf.dir/Drivers/STM32L0xx_HAL_Driver/Src/stm32l0xx_hal_gpio.c.obj
                0x08002efc                HAL_GPIO_Init
 .text.HAL_GPIO_DeInit
                0x0800307c       0xf4 CMakeFiles/forest_detection.elf.dir/Drivers/STM32L0xx_HAL_Driver/Src/stm32l0xx_hal_gpio.c.obj
                0x0800307c                HAL_GPIO_DeInit
 .text.HAL_GPIO_WritePin
                0x08003170        0xc CMakeFiles/forest_detection.elf.dir/Drivers/STM32L0xx_HAL_Driver/Src/stm32l0xx_hal_gpio.c.obj
                0x08003170                HAL_GPIO_WritePin
 .text.HAL_RCC_GetSysClockFreq
                0x0800317c       0xb0 CMakeFiles/forest_detection.elf.dir/Drivers/STM32L0xx_HAL_Driver/Src/stm32l0xx_hal_rcc.c.obj
                0x0800317c                HAL_RCC_GetSysClockFreq
 .text.HAL_RCC_OscConfig
                0x0800322c      0x51c CMakeFiles/forest_detection.elf.dir/Drivers/STM32L0xx_HAL_Driver/Src/stm32l0xx_hal_rcc.c.obj
                0x0800322c                HAL_RCC_OscConfig
 .text.HAL_RCC_ClockConfig
                0x08003748      0x1d8 CMakeFiles/forest_detection.elf.dir/Drivers/STM32L0xx_HAL_Driver/Src/stm32l0xx_hal_rcc.c.obj
                0x08003748                HAL_RCC_ClockConfig
 .text.HAL_RCC_GetHCLKFreq
                0x08003920        0xc CMakeFiles/forest_detection.elf.dir/Drivers/STM32L0xx_HAL_Driver/Src/stm32l0xx_hal_rcc.c.obj
                0x08003920                HAL_RCC_GetHCLKFreq
 .text.HAL_RCC_GetPCLK1Freq
                0x0800392c       0x20 CMakeFiles/forest_detection.elf.dir/Drivers/STM32L0xx_HAL_Driver/Src/stm32l0xx_hal_rcc.c.obj
                0x0800392c                HAL_RCC_GetPCLK1Freq
 .text.HAL_RCC_GetPCLK2Freq
                0x0800394c       0x20 CMakeFiles/forest_detection.elf.dir/Drivers/STM32L0xx_HAL_Driver/Src/stm32l0xx_hal_rcc.c.obj
                0x0800394c                HAL_RCC_GetPCLK2Freq
 .text.HAL_RCCEx_PeriphCLKConfig
                0x0800396c      0x1a4 CMakeFiles/forest_detection.elf.dir/Drivers/STM32L0xx_HAL_Driver/Src/stm32l0xx_hal_rcc_ex.c.obj
                0x0800396c                HAL_RCCEx_PeriphCLKConfig
 .text.TIM_Base_SetConfig
                0x08003b10       0x60 CMakeFiles/forest_detection.elf.dir/Drivers/STM32L0xx_HAL_Driver/Src/stm32l0xx_hal_tim.c.obj
 .text.TIM_TI1_ConfigInputStage
                0x08003b70       0x22 CMakeFiles/forest_detection.elf.dir/Drivers/STM32L0xx_HAL_Driver/Src/stm32l0xx_hal_tim.c.obj
 *fill*         0x08003b92        0x2 
 .text.TIM_TI2_ConfigInputStage
                0x08003b94       0x28 CMakeFiles/forest_detection.elf.dir/Drivers/STM32L0xx_HAL_Driver/Src/stm32l0xx_hal_tim.c.obj
 .text.TIM_ITRx_SetConfig
                0x08003bbc       0x10 CMakeFiles/forest_detection.elf.dir/Drivers/STM32L0xx_HAL_Driver/Src/stm32l0xx_hal_tim.c.obj
 .text.TIM_ETR_SetConfig
                0x08003bcc       0x18 CMakeFiles/forest_detection.elf.dir/Drivers/STM32L0xx_HAL_Driver/Src/stm32l0xx_hal_tim.c.obj
 .text.HAL_TIM_Base_Init
                0x08003be4       0x48 CMakeFiles/forest_detection.elf.dir/Drivers/STM32L0xx_HAL_Driver/Src/stm32l0xx_hal_tim.c.obj
                0x08003be4                HAL_TIM_Base_Init
 .text.HAL_TIM_ConfigClockSource
                0x08003c2c      0x108 CMakeFiles/forest_detection.elf.dir/Drivers/STM32L0xx_HAL_Driver/Src/stm32l0xx_hal_tim.c.obj
                0x08003c2c                HAL_TIM_ConfigClockSource
 .text.HAL_TIMEx_MasterConfigSynchronization
                0x08003d34       0x64 CMakeFiles/forest_detection.elf.dir/Drivers/STM32L0xx_HAL_Driver/Src/stm32l0xx_hal_tim_ex.c.obj
                0x08003d34                HAL_TIMEx_MasterConfigSynchronization
 .text.UART_EndRxTransfer
                0x08003d98       0x60 CMakeFiles/forest_detection.elf.dir/Drivers/STM32L0xx_HAL_Driver/Src/stm32l0xx_hal_uart.c.obj
 .text.HAL_UART_MspInit
                0x08003df8        0x2 CMakeFiles/forest_detection.elf.dir/Drivers/STM32L0xx_HAL_Driver/Src/stm32l0xx_hal_uart.c.obj
                0x08003df8                HAL_UART_MspInit
 .text.HAL_UART_TxCpltCallback
                0x08003dfa        0x2 CMakeFiles/forest_detection.elf.dir/Drivers/STM32L0xx_HAL_Driver/Src/stm32l0xx_hal_uart.c.obj
                0x08003dfa                HAL_UART_TxCpltCallback
 .text.UART_EndTransmit_IT
                0x08003dfc       0x28 CMakeFiles/forest_detection.elf.dir/Drivers/STM32L0xx_HAL_Driver/Src/stm32l0xx_hal_uart.c.obj
 .text.HAL_UART_ErrorCallback
                0x08003e24        0x2 CMakeFiles/forest_detection.elf.dir/Drivers/STM32L0xx_HAL_Driver/Src/stm32l0xx_hal_uart.c.obj
                0x08003e24                HAL_UART_ErrorCallback
 .text.UART_DMAAbortOnError
                0x08003e26       0x14 CMakeFiles/forest_detection.elf.dir/Drivers/STM32L0xx_HAL_Driver/Src/stm32l0xx_hal_uart.c.obj
 .text.HAL_UARTEx_RxEventCallback
                0x08003e3a        0x2 CMakeFiles/forest_detection.elf.dir/Drivers/STM32L0xx_HAL_Driver/Src/stm32l0xx_hal_uart.c.obj
                0x08003e3a                HAL_UARTEx_RxEventCallback
 .text.HAL_UART_IRQHandler
                0x08003e3c      0x2d0 CMakeFiles/forest_detection.elf.dir/Drivers/STM32L0xx_HAL_Driver/Src/stm32l0xx_hal_uart.c.obj
                0x08003e3c                HAL_UART_IRQHandler
 .text.UART_SetConfig
                0x0800410c      0x268 CMakeFiles/forest_detection.elf.dir/Drivers/STM32L0xx_HAL_Driver/Src/stm32l0xx_hal_uart.c.obj
                0x0800410c                UART_SetConfig
 .text.UART_AdvFeatureConfig
                0x08004374       0xe0 CMakeFiles/forest_detection.elf.dir/Drivers/STM32L0xx_HAL_Driver/Src/stm32l0xx_hal_uart.c.obj
                0x08004374                UART_AdvFeatureConfig
 .text.UART_WaitOnFlagUntilTimeout
                0x08004454       0xdc CMakeFiles/forest_detection.elf.dir/Drivers/STM32L0xx_HAL_Driver/Src/stm32l0xx_hal_uart.c.obj
                0x08004454                UART_WaitOnFlagUntilTimeout
 .text.HAL_UART_Transmit
                0x08004530      0x102 CMakeFiles/forest_detection.elf.dir/Drivers/STM32L0xx_HAL_Driver/Src/stm32l0xx_hal_uart.c.obj
                0x08004530                HAL_UART_Transmit
 *fill*         0x08004632        0x2 
 .text.UART_CheckIdleState
                0x08004634       0x70 CMakeFiles/forest_detection.elf.dir/Drivers/STM32L0xx_HAL_Driver/Src/stm32l0xx_hal_uart.c.obj
                0x08004634                UART_CheckIdleState
 .text.HAL_UART_Init
                0x080046a4       0x6c CMakeFiles/forest_detection.elf.dir/Drivers/STM32L0xx_HAL_Driver/Src/stm32l0xx_hal_uart.c.obj
                0x080046a4                HAL_UART_Init
 .text.HAL_UARTEx_WakeupCallback
                0x08004710        0x2 CMakeFiles/forest_detection.elf.dir/Drivers/STM32L0xx_HAL_Driver/Src/stm32l0xx_hal_uart_ex.c.obj
                0x08004710                HAL_UARTEx_WakeupCallback
 *fill*         0x08004712        0x2 
 .text.Reset_Handler
                0x08004714       0x50 CMakeFiles/forest_detection.elf.dir/startup/startup_stm32l031xx.s.obj
                0x08004714                Reset_Handler
 .text.Default_Handler
                0x08004764        0x2 CMakeFiles/forest_detection.elf.dir/startup/startup_stm32l031xx.s.obj
                0x08004764                ADC1_COMP_IRQHandler
                0x08004764                PVD_IRQHandler
                0x08004764                I2C1_IRQHandler
                0x08004764                SPI1_IRQHandler
                0x08004764                EXTI2_3_IRQHandler
                0x08004764                RTC_IRQHandler
                0x08004764                DMA1_Channel4_5_6_7_IRQHandler
                0x08004764                EXTI4_15_IRQHandler
                0x08004764                RCC_IRQHandler
                0x08004764                DMA1_Channel1_IRQHandler
                0x08004764                Default_Handler
                0x08004764                TIM22_IRQHandler
                0x08004764                EXTI0_1_IRQHandler
                0x08004764                WWDG_IRQHandler
                0x08004764                TIM2_IRQHandler
                0x08004764                DMA1_Channel2_3_IRQHandler
                0x08004764                FLASH_IRQHandler
                0x08004764                LPTIM1_IRQHandler
 *fill*         0x08004766        0x2 
 .text.__errno  0x08004768        0xc e:/gcc-arm-none-eabi/bin/../lib/gcc/arm-none-eabi/10.3.1/../../../../arm-none-eabi/lib/thumb/v6-m/nofp\libg.a(lib_a-errno.o)
                0x08004768                __errno
 .text.__libc_init_array
                0x08004774       0x44 e:/gcc-arm-none-eabi/bin/../lib/gcc/arm-none-eabi/10.3.1/../../../../arm-none-eabi/lib/thumb/v6-m/nofp\libg.a(lib_a-init.o)
                0x08004774                __libc_init_array
 .text.memcpy   0x080047b8       0xa4 e:/gcc-arm-none-eabi/bin/../lib/gcc/arm-none-eabi/10.3.1/../../../../arm-none-eabi/lib/thumb/v6-m/nofp\libg.a(lib_a-memcpy-stub.o)
                0x080047b8                memcpy
 .text.memset   0x0800485c       0xa8 e:/gcc-arm-none-eabi/bin/../lib/gcc/arm-none-eabi/10.3.1/../../../../arm-none-eabi/lib/thumb/v6-m/nofp\libg.a(lib_a-memset.o)
                0x0800485c                memset
 .text.printf   0x08004904       0x24 e:/gcc-arm-none-eabi/bin/../lib/gcc/arm-none-eabi/10.3.1/../../../../arm-none-eabi/lib/thumb/v6-m/nofp\libg.a(lib_a-printf.o)
                0x08004904                printf
 .text.strlen   0x08004928       0x5c e:/gcc-arm-none-eabi/bin/../lib/gcc/arm-none-eabi/10.3.1/../../../../arm-none-eabi/lib/thumb/v6-m/nofp\libg.a(lib_a-strlen-stub.o)
                0x08004928                strlen
 .text._vfprintf_r
                0x08004984     0x1c44 e:/gcc-arm-none-eabi/bin/../lib/gcc/arm-none-eabi/10.3.1/../../../../arm-none-eabi/lib/thumb/v6-m/nofp\libg.a(lib_a-vfprintf.o)
                0x08004984                _vfprintf_r
 .text.__sbprintf
                0x080065c8       0x8c e:/gcc-arm-none-eabi/bin/../lib/gcc/arm-none-eabi/10.3.1/../../../../arm-none-eabi/lib/thumb/v6-m/nofp\libg.a(lib_a-vfprintf.o)
 .text.__swsetup_r
                0x08006654       0xdc e:/gcc-arm-none-eabi/bin/../lib/gcc/arm-none-eabi/10.3.1/../../../../arm-none-eabi/lib/thumb/v6-m/nofp\libg.a(lib_a-wsetup.o)
                0x08006654                __swsetup_r
 .text.startup.register_fini
                0x08006730       0x18 e:/gcc-arm-none-eabi/bin/../lib/gcc/arm-none-eabi/10.3.1/../../../../arm-none-eabi/lib/thumb/v6-m/nofp\libg.a(lib_a-__call_atexit.o)
 .text.atexit   0x08006748       0x10 e:/gcc-arm-none-eabi/bin/../lib/gcc/arm-none-eabi/10.3.1/../../../../arm-none-eabi/lib/thumb/v6-m/nofp\libg.a(lib_a-atexit.o)
                0x08006748                atexit
 .text.quorem   0x08006758      0x148 e:/gcc-arm-none-eabi/bin/../lib/gcc/arm-none-eabi/10.3.1/../../../../arm-none-eabi/lib/thumb/v6-m/nofp\libg.a(lib_a-dtoa.o)
 .text._dtoa_r  0x080068a0      0xfbc e:/gcc-arm-none-eabi/bin/../lib/gcc/arm-none-eabi/10.3.1/../../../../arm-none-eabi/lib/thumb/v6-m/nofp\libg.a(lib_a-dtoa.o)
                0x080068a0                _dtoa_r
 .text.__sflush_r
                0x0800785c      0x140 e:/gcc-arm-none-eabi/bin/../lib/gcc/arm-none-eabi/10.3.1/../../../../arm-none-eabi/lib/thumb/v6-m/nofp\libg.a(lib_a-fflush.o)
                0x0800785c                __sflush_r
 .text._fflush_r
                0x0800799c       0x6c e:/gcc-arm-none-eabi/bin/../lib/gcc/arm-none-eabi/10.3.1/../../../../arm-none-eabi/lib/thumb/v6-m/nofp\libg.a(lib_a-fflush.o)
                0x0800799c                _fflush_r
 .text._cleanup_r
                0x08007a08       0x10 e:/gcc-arm-none-eabi/bin/../lib/gcc/arm-none-eabi/10.3.1/../../../../arm-none-eabi/lib/thumb/v6-m/nofp\libg.a(lib_a-findfp.o)
                0x08007a08                _cleanup_r
 .text.__sinit  0x08007a18      0x120 e:/gcc-arm-none-eabi/bin/../lib/gcc/arm-none-eabi/10.3.1/../../../../arm-none-eabi/lib/thumb/v6-m/nofp\libg.a(lib_a-findfp.o)
                0x08007a18                __sinit
 .text.__sfp_lock_acquire
                0x08007b38       0x10 e:/gcc-arm-none-eabi/bin/../lib/gcc/arm-none-eabi/10.3.1/../../../../arm-none-eabi/lib/thumb/v6-m/nofp\libg.a(lib_a-findfp.o)
                0x08007b38                __sfp_lock_acquire
 .text.__sfp_lock_release
                0x08007b48       0x10 e:/gcc-arm-none-eabi/bin/../lib/gcc/arm-none-eabi/10.3.1/../../../../arm-none-eabi/lib/thumb/v6-m/nofp\libg.a(lib_a-findfp.o)
                0x08007b48                __sfp_lock_release
 .text.__libc_fini_array
                0x08007b58       0x28 e:/gcc-arm-none-eabi/bin/../lib/gcc/arm-none-eabi/10.3.1/../../../../arm-none-eabi/lib/thumb/v6-m/nofp\libg.a(lib_a-fini.o)
                0x08007b58                __libc_fini_array
 .text._malloc_trim_r
                0x08007b80       0x9c e:/gcc-arm-none-eabi/bin/../lib/gcc/arm-none-eabi/10.3.1/../../../../arm-none-eabi/lib/thumb/v6-m/nofp\libg.a(lib_a-freer.o)
                0x08007b80                _malloc_trim_r
 .text._free_r  0x08007c1c      0x1c4 e:/gcc-arm-none-eabi/bin/../lib/gcc/arm-none-eabi/10.3.1/../../../../arm-none-eabi/lib/thumb/v6-m/nofp\libg.a(lib_a-freer.o)
                0x08007c1c                _free_r
 .text.__sfvwrite_r
                0x08007de0      0x2f4 e:/gcc-arm-none-eabi/bin/../lib/gcc/arm-none-eabi/10.3.1/../../../../arm-none-eabi/lib/thumb/v6-m/nofp\libg.a(lib_a-fvwrite.o)
                0x08007de0                __sfvwrite_r
 .text._fwalk_reent
                0x080080d4       0x48 e:/gcc-arm-none-eabi/bin/../lib/gcc/arm-none-eabi/10.3.1/../../../../arm-none-eabi/lib/thumb/v6-m/nofp\libg.a(lib_a-fwalk.o)
                0x080080d4                _fwalk_reent
 .text._localeconv_r
                0x0800811c        0x8 e:/gcc-arm-none-eabi/bin/../lib/gcc/arm-none-eabi/10.3.1/../../../../arm-none-eabi/lib/thumb/v6-m/nofp\libg.a(lib_a-localeconv.o)
                0x0800811c                _localeconv_r
 .text.__retarget_lock_init_recursive
                0x08008124        0x4 e:/gcc-arm-none-eabi/bin/../lib/gcc/arm-none-eabi/10.3.1/../../../../arm-none-eabi/lib/thumb/v6-m/nofp\libg.a(lib_a-lock.o)
                0x08008124                __retarget_lock_init_recursive
 .text.__retarget_lock_close_recursive
                0x08008128        0x4 e:/gcc-arm-none-eabi/bin/../lib/gcc/arm-none-eabi/10.3.1/../../../../arm-none-eabi/lib/thumb/v6-m/nofp\libg.a(lib_a-lock.o)
                0x08008128                __retarget_lock_close_recursive
 .text.__retarget_lock_acquire_recursive
                0x0800812c        0x4 e:/gcc-arm-none-eabi/bin/../lib/gcc/arm-none-eabi/10.3.1/../../../../arm-none-eabi/lib/thumb/v6-m/nofp\libg.a(lib_a-lock.o)
                0x0800812c                __retarget_lock_acquire_recursive
 .text.__retarget_lock_release_recursive
                0x08008130        0x4 e:/gcc-arm-none-eabi/bin/../lib/gcc/arm-none-eabi/10.3.1/../../../../arm-none-eabi/lib/thumb/v6-m/nofp\libg.a(lib_a-lock.o)
                0x08008130                __retarget_lock_release_recursive
 .text.__smakebuf_r
                0x08008134       0xe4 e:/gcc-arm-none-eabi/bin/../lib/gcc/arm-none-eabi/10.3.1/../../../../arm-none-eabi/lib/thumb/v6-m/nofp\libg.a(lib_a-makebuf.o)
                0x08008134                __smakebuf_r
 .text._malloc_r
                0x08008218      0x584 e:/gcc-arm-none-eabi/bin/../lib/gcc/arm-none-eabi/10.3.1/../../../../arm-none-eabi/lib/thumb/v6-m/nofp\libg.a(lib_a-mallocr.o)
                0x08008218                _malloc_r
 .text.memchr   0x0800879c       0x74 e:/gcc-arm-none-eabi/bin/../lib/gcc/arm-none-eabi/10.3.1/../../../../arm-none-eabi/lib/thumb/v6-m/nofp\libg.a(lib_a-memchr-stub.o)
                0x0800879c                memchr
 .text.memmove  0x08008810       0xac e:/gcc-arm-none-eabi/bin/../lib/gcc/arm-none-eabi/10.3.1/../../../../arm-none-eabi/lib/thumb/v6-m/nofp\libg.a(lib_a-memmove.o)
                0x08008810                memmove
 .text.__malloc_lock
                0x080088bc       0x10 e:/gcc-arm-none-eabi/bin/../lib/gcc/arm-none-eabi/10.3.1/../../../../arm-none-eabi/lib/thumb/v6-m/nofp\libg.a(lib_a-mlock.o)
                0x080088bc                __malloc_lock
 .text.__malloc_unlock
                0x080088cc       0x10 e:/gcc-arm-none-eabi/bin/../lib/gcc/arm-none-eabi/10.3.1/../../../../arm-none-eabi/lib/thumb/v6-m/nofp\libg.a(lib_a-mlock.o)
                0x080088cc                __malloc_unlock
 .text._Balloc  0x080088dc       0x50 e:/gcc-arm-none-eabi/bin/../lib/gcc/arm-none-eabi/10.3.1/../../../../arm-none-eabi/lib/thumb/v6-m/nofp\libg.a(lib_a-mprec.o)
                0x080088dc                _Balloc
 .text._Bfree   0x0800892c       0x14 e:/gcc-arm-none-eabi/bin/../lib/gcc/arm-none-eabi/10.3.1/../../../../arm-none-eabi/lib/thumb/v6-m/nofp\libg.a(lib_a-mprec.o)
                0x0800892c                _Bfree
 .text.__multadd
                0x08008940       0xa8 e:/gcc-arm-none-eabi/bin/../lib/gcc/arm-none-eabi/10.3.1/../../../../arm-none-eabi/lib/thumb/v6-m/nofp\libg.a(lib_a-mprec.o)
                0x08008940                __multadd
 .text.__hi0bits
                0x080089e8       0x38 e:/gcc-arm-none-eabi/bin/../lib/gcc/arm-none-eabi/10.3.1/../../../../arm-none-eabi/lib/thumb/v6-m/nofp\libg.a(lib_a-mprec.o)
                0x080089e8                __hi0bits
 .text.__lo0bits
                0x08008a20       0x5c e:/gcc-arm-none-eabi/bin/../lib/gcc/arm-none-eabi/10.3.1/../../../../arm-none-eabi/lib/thumb/v6-m/nofp\libg.a(lib_a-mprec.o)
                0x08008a20                __lo0bits
 .text.__i2b    0x08008a7c       0x60 e:/gcc-arm-none-eabi/bin/../lib/gcc/arm-none-eabi/10.3.1/../../../../arm-none-eabi/lib/thumb/v6-m/nofp\libg.a(lib_a-mprec.o)
                0x08008a7c                __i2b
 .text.__multiply
                0x08008adc      0x1a4 e:/gcc-arm-none-eabi/bin/../lib/gcc/arm-none-eabi/10.3.1/../../../../arm-none-eabi/lib/thumb/v6-m/nofp\libg.a(lib_a-mprec.o)
                0x08008adc                __multiply
 .text.__pow5mult
                0x08008c80       0xd8 e:/gcc-arm-none-eabi/bin/../lib/gcc/arm-none-eabi/10.3.1/../../../../arm-none-eabi/lib/thumb/v6-m/nofp\libg.a(lib_a-mprec.o)
                0x08008c80                __pow5mult
 .text.__lshift
                0x08008d58       0xfc e:/gcc-arm-none-eabi/bin/../lib/gcc/arm-none-eabi/10.3.1/../../../../arm-none-eabi/lib/thumb/v6-m/nofp\libg.a(lib_a-mprec.o)
                0x08008d58                __lshift
 .text.__mcmp   0x08008e54       0x34 e:/gcc-arm-none-eabi/bin/../lib/gcc/arm-none-eabi/10.3.1/../../../../arm-none-eabi/lib/thumb/v6-m/nofp\libg.a(lib_a-mprec.o)
                0x08008e54                __mcmp
 .text.__mdiff  0x08008e88      0x18c e:/gcc-arm-none-eabi/bin/../lib/gcc/arm-none-eabi/10.3.1/../../../../arm-none-eabi/lib/thumb/v6-m/nofp\libg.a(lib_a-mprec.o)
                0x08008e88                __mdiff
 .text.__d2b    0x08009014       0xd8 e:/gcc-arm-none-eabi/bin/../lib/gcc/arm-none-eabi/10.3.1/../../../../arm-none-eabi/lib/thumb/v6-m/nofp\libg.a(lib_a-mprec.o)
                0x08009014                __d2b
 .text._realloc_r
                0x080090ec      0x354 e:/gcc-arm-none-eabi/bin/../lib/gcc/arm-none-eabi/10.3.1/../../../../arm-none-eabi/lib/thumb/v6-m/nofp\libg.a(lib_a-reallocr.o)
                0x080090ec                _realloc_r
 .text.frexp    0x08009440       0x64 e:/gcc-arm-none-eabi/bin/../lib/gcc/arm-none-eabi/10.3.1/../../../../arm-none-eabi/lib/thumb/v6-m/nofp\libg.a(lib_a-s_frexp.o)
                0x08009440                frexp
 .text._sbrk_r  0x080094a4       0x24 e:/gcc-arm-none-eabi/bin/../lib/gcc/arm-none-eabi/10.3.1/../../../../arm-none-eabi/lib/thumb/v6-m/nofp\libg.a(lib_a-sbrkr.o)
                0x080094a4                _sbrk_r
 .text.__sread  0x080094c8       0x28 e:/gcc-arm-none-eabi/bin/../lib/gcc/arm-none-eabi/10.3.1/../../../../arm-none-eabi/lib/thumb/v6-m/nofp\libg.a(lib_a-stdio.o)
                0x080094c8                __sread
 .text.__swrite
                0x080094f0       0x40 e:/gcc-arm-none-eabi/bin/../lib/gcc/arm-none-eabi/10.3.1/../../../../arm-none-eabi/lib/thumb/v6-m/nofp\libg.a(lib_a-stdio.o)
                0x080094f0                __swrite
 .text.__sseek  0x08009530       0x2c e:/gcc-arm-none-eabi/bin/../lib/gcc/arm-none-eabi/10.3.1/../../../../arm-none-eabi/lib/thumb/v6-m/nofp\libg.a(lib_a-stdio.o)
                0x08009530                __sseek
 .text.__sclose
                0x0800955c        0xc e:/gcc-arm-none-eabi/bin/../lib/gcc/arm-none-eabi/10.3.1/../../../../arm-none-eabi/lib/thumb/v6-m/nofp\libg.a(lib_a-stdio.o)
                0x0800955c                __sclose
 .text.strncpy  0x08009568       0x6c e:/gcc-arm-none-eabi/bin/../lib/gcc/arm-none-eabi/10.3.1/../../../../arm-none-eabi/lib/thumb/v6-m/nofp\libg.a(lib_a-strncpy.o)
                0x08009568                strncpy
 .text.__sprint_r.part.0
                0x080095d4       0x88 e:/gcc-arm-none-eabi/bin/../lib/gcc/arm-none-eabi/10.3.1/../../../../arm-none-eabi/lib/thumb/v6-m/nofp\libg.a(lib_a-vfiprintf.o)
 .text.__sprint_r
                0x0800965c       0x14 e:/gcc-arm-none-eabi/bin/../lib/gcc/arm-none-eabi/10.3.1/../../../../arm-none-eabi/lib/thumb/v6-m/nofp\libg.a(lib_a-vfiprintf.o)
                0x0800965c                __sprint_r
 .text._vfiprintf_r
                0x08009670      0xdb8 e:/gcc-arm-none-eabi/bin/../lib/gcc/arm-none-eabi/10.3.1/../../../../arm-none-eabi/lib/thumb/v6-m/nofp\libg.a(lib_a-vfiprintf.o)
                0x08009670                _vfiprintf_r
 .text.__sbprintf
                0x0800a428       0x8c e:/gcc-arm-none-eabi/bin/../lib/gcc/arm-none-eabi/10.3.1/../../../../arm-none-eabi/lib/thumb/v6-m/nofp\libg.a(lib_a-vfiprintf.o)
 .text._write_r
                0x0800a4b4       0x28 e:/gcc-arm-none-eabi/bin/../lib/gcc/arm-none-eabi/10.3.1/../../../../arm-none-eabi/lib/thumb/v6-m/nofp\libg.a(lib_a-writer.o)
                0x0800a4b4                _write_r
 .text.__register_exitproc
                0x0800a4dc       0xac e:/gcc-arm-none-eabi/bin/../lib/gcc/arm-none-eabi/10.3.1/../../../../arm-none-eabi/lib/thumb/v6-m/nofp\libg.a(lib_a-__atexit.o)
                0x0800a4dc                __register_exitproc
 .text.__assert_func
                0x0800a588       0x40 e:/gcc-arm-none-eabi/bin/../lib/gcc/arm-none-eabi/10.3.1/../../../../arm-none-eabi/lib/thumb/v6-m/nofp\libg.a(lib_a-assert.o)
                0x0800a588                __assert_func
 .text._calloc_r
                0x0800a5c8       0x9c e:/gcc-arm-none-eabi/bin/../lib/gcc/arm-none-eabi/10.3.1/../../../../arm-none-eabi/lib/thumb/v6-m/nofp\libg.a(lib_a-callocr.o)
                0x0800a5c8                _calloc_r
 .text._close_r
                0x0800a664       0x24 e:/gcc-arm-none-eabi/bin/../lib/gcc/arm-none-eabi/10.3.1/../../../../arm-none-eabi/lib/thumb/v6-m/nofp\libg.a(lib_a-closer.o)
                0x0800a664                _close_r
 .text._fclose_r
                0x0800a688       0xdc e:/gcc-arm-none-eabi/bin/../lib/gcc/arm-none-eabi/10.3.1/../../../../arm-none-eabi/lib/thumb/v6-m/nofp\libg.a(lib_a-fclose.o)
                0x0800a688                _fclose_r
 .text.fiprintf
                0x0800a764       0x24 e:/gcc-arm-none-eabi/bin/../lib/gcc/arm-none-eabi/10.3.1/../../../../arm-none-eabi/lib/thumb/v6-m/nofp\libg.a(lib_a-fiprintf.o)
                0x0800a764                fiprintf
 .text.__fputwc
                0x0800a788       0x98 e:/gcc-arm-none-eabi/bin/../lib/gcc/arm-none-eabi/10.3.1/../../../../arm-none-eabi/lib/thumb/v6-m/nofp\libg.a(lib_a-fputwc.o)
                0x0800a788                __fputwc
 .text._fputwc_r
                0x0800a820       0x5c e:/gcc-arm-none-eabi/bin/../lib/gcc/arm-none-eabi/10.3.1/../../../../arm-none-eabi/lib/thumb/v6-m/nofp\libg.a(lib_a-fputwc.o)
                0x0800a820                _fputwc_r
 .text._fstat_r
                0x0800a87c       0x28 e:/gcc-arm-none-eabi/bin/../lib/gcc/arm-none-eabi/10.3.1/../../../../arm-none-eabi/lib/thumb/v6-m/nofp\libg.a(lib_a-fstatr.o)
                0x0800a87c                _fstat_r
 .text._isatty_r
                0x0800a8a4       0x24 e:/gcc-arm-none-eabi/bin/../lib/gcc/arm-none-eabi/10.3.1/../../../../arm-none-eabi/lib/thumb/v6-m/nofp\libg.a(lib_a-isattyr.o)
                0x0800a8a4                _isatty_r
 .text.__locale_mb_cur_max
                0x0800a8c8       0x10 e:/gcc-arm-none-eabi/bin/../lib/gcc/arm-none-eabi/10.3.1/../../../../arm-none-eabi/lib/thumb/v6-m/nofp\libg.a(lib_a-locale.o)
                0x0800a8c8                __locale_mb_cur_max
 .text._lseek_r
                0x0800a8d8       0x28 e:/gcc-arm-none-eabi/bin/../lib/gcc/arm-none-eabi/10.3.1/../../../../arm-none-eabi/lib/thumb/v6-m/nofp\libg.a(lib_a-lseekr.o)
                0x0800a8d8                _lseek_r
 .text.__ascii_mbtowc
                0x0800a900       0x2c e:/gcc-arm-none-eabi/bin/../lib/gcc/arm-none-eabi/10.3.1/../../../../arm-none-eabi/lib/thumb/v6-m/nofp\libg.a(lib_a-mbtowc_r.o)
                0x0800a900                __ascii_mbtowc
 .text._read_r  0x0800a92c       0x28 e:/gcc-arm-none-eabi/bin/../lib/gcc/arm-none-eabi/10.3.1/../../../../arm-none-eabi/lib/thumb/v6-m/nofp\libg.a(lib_a-readr.o)
                0x0800a92c                _read_r
 .text.__swbuf_r
                0x0800a954       0xc8 e:/gcc-arm-none-eabi/bin/../lib/gcc/arm-none-eabi/10.3.1/../../../../arm-none-eabi/lib/thumb/v6-m/nofp\libg.a(lib_a-wbuf.o)
                0x0800a954                __swbuf_r
 .text._wcrtomb_r
                0x0800aa1c       0x40 e:/gcc-arm-none-eabi/bin/../lib/gcc/arm-none-eabi/10.3.1/../../../../arm-none-eabi/lib/thumb/v6-m/nofp\libg.a(lib_a-wcrtomb.o)
                0x0800aa1c                _wcrtomb_r
 .text.__ascii_wctomb
                0x0800aa5c       0x1c e:/gcc-arm-none-eabi/bin/../lib/gcc/arm-none-eabi/10.3.1/../../../../arm-none-eabi/lib/thumb/v6-m/nofp\libg.a(lib_a-wctomb_r.o)
                0x0800aa5c                __ascii_wctomb
 .text.abort    0x0800aa78       0x10 e:/gcc-arm-none-eabi/bin/../lib/gcc/arm-none-eabi/10.3.1/../../../../arm-none-eabi/lib/thumb/v6-m/nofp\libg.a(lib_a-abort.o)
                0x0800aa78                abort
 .text.raise    0x0800aa88       0x60 e:/gcc-arm-none-eabi/bin/../lib/gcc/arm-none-eabi/10.3.1/../../../../arm-none-eabi/lib/thumb/v6-m/nofp\libg.a(lib_a-signal.o)
                0x0800aa88                raise
 .text._kill_r  0x0800aae8       0x28 e:/gcc-arm-none-eabi/bin/../lib/gcc/arm-none-eabi/10.3.1/../../../../arm-none-eabi/lib/thumb/v6-m/nofp\libg.a(lib_a-signalr.o)
                0x0800aae8                _kill_r
 .text._getpid_r
                0x0800ab10        0x8 e:/gcc-arm-none-eabi/bin/../lib/gcc/arm-none-eabi/10.3.1/../../../../arm-none-eabi/lib/thumb/v6-m/nofp\libg.a(lib_a-signalr.o)
                0x0800ab10                _getpid_r
 *(.glue_7)
 .glue_7        0x0800ab18        0x0 linker stubs
 *(.glue_7t)
 .glue_7t       0x0800ab18        0x0 linker stubs
 *(.eh_frame)
 .eh_frame      0x0800ab18        0x0 e:/gcc-arm-none-eabi/bin/../lib/gcc/arm-none-eabi/10.3.1/thumb/v6-m/nofp/crtbegin.o
 *(.init)
 .init          0x0800ab18        0x4 e:/gcc-arm-none-eabi/bin/../lib/gcc/arm-none-eabi/10.3.1/thumb/v6-m/nofp/crti.o
                0x0800ab18                _init
 .init          0x0800ab1c        0x8 e:/gcc-arm-none-eabi/bin/../lib/gcc/arm-none-eabi/10.3.1/thumb/v6-m/nofp/crtn.o
 *(.fini)
 .fini          0x0800ab24        0x4 e:/gcc-arm-none-eabi/bin/../lib/gcc/arm-none-eabi/10.3.1/thumb/v6-m/nofp/crti.o
                0x0800ab24                _fini
 .fini          0x0800ab28        0x8 e:/gcc-arm-none-eabi/bin/../lib/gcc/arm-none-eabi/10.3.1/thumb/v6-m/nofp/crtn.o
                0x0800ab30                . = ALIGN (0x4)
                0x0800ab30                _etext = .

.vfp11_veneer   0x0800ab30        0x0
 .vfp11_veneer  0x0800ab30        0x0 linker stubs

.v4_bx          0x0800ab30        0x0
 .v4_bx         0x0800ab30        0x0 linker stubs

.iplt           0x0800ab30        0x0
 .iplt          0x0800ab30        0x0 e:/gcc-arm-none-eabi/bin/../lib/gcc/arm-none-eabi/10.3.1/thumb/v6-m/nofp/crtbegin.o

.rodata         0x0800ab30      0x7e8
                0x0800ab30                . = ALIGN (0x4)
 *(.rodata)
 .rodata        0x0800ab30       0x40 e:/gcc-arm-none-eabi/bin/../lib/gcc/arm-none-eabi/10.3.1/thumb/v6-m/nofp\libgcc.a(divdf3.o)
 .rodata        0x0800ab70       0x40 e:/gcc-arm-none-eabi/bin/../lib/gcc/arm-none-eabi/10.3.1/thumb/v6-m/nofp\libgcc.a(muldf3.o)
 *(.rodata*)
 .rodata.TIM21_IRQHandler.str1.4
                0x0800abb0       0x27 CMakeFiles/forest_detection.elf.dir/Add/Src/me3616.c.obj
 *fill*         0x0800abd7        0x1 
 .rodata.AHBPrescTable
                0x0800abd8       0x10 CMakeFiles/forest_detection.elf.dir/Core/Src/system_stm32l0xx.c.obj
                0x0800abd8                AHBPrescTable
 .rodata.APBPrescTable
                0x0800abe8        0x8 CMakeFiles/forest_detection.elf.dir/Core/Src/system_stm32l0xx.c.obj
                0x0800abe8                APBPrescTable
 .rodata.PLLMulTable
                0x0800abf0        0x9 CMakeFiles/forest_detection.elf.dir/Core/Src/system_stm32l0xx.c.obj
                0x0800abf0                PLLMulTable
 *fill*         0x0800abf9        0x3 
 .rodata.UART_SetConfig
                0x0800abfc       0x48 CMakeFiles/forest_detection.elf.dir/Drivers/STM32L0xx_HAL_Driver/Src/stm32l0xx_hal_uart.c.obj
 .rodata._global_impure_ptr
                0x0800ac44        0x4 e:/gcc-arm-none-eabi/bin/../lib/gcc/arm-none-eabi/10.3.1/../../../../arm-none-eabi/lib/thumb/v6-m/nofp\libg.a(lib_a-impure.o)
                0x0800ac44                _global_impure_ptr
 .rodata._vfprintf_r.str1.4
                0x0800ac48       0x42 e:/gcc-arm-none-eabi/bin/../lib/gcc/arm-none-eabi/10.3.1/../../../../arm-none-eabi/lib/thumb/v6-m/nofp\libg.a(lib_a-vfprintf.o)
 *fill*         0x0800ac8a        0x2 
 .rodata._vfprintf_r
                0x0800ac8c      0x16c e:/gcc-arm-none-eabi/bin/../lib/gcc/arm-none-eabi/10.3.1/../../../../arm-none-eabi/lib/thumb/v6-m/nofp\libg.a(lib_a-vfprintf.o)
 .rodata.blanks.1
                0x0800adf8       0x10 e:/gcc-arm-none-eabi/bin/../lib/gcc/arm-none-eabi/10.3.1/../../../../arm-none-eabi/lib/thumb/v6-m/nofp\libg.a(lib_a-vfprintf.o)
 .rodata.zeroes.0
                0x0800ae08       0x10 e:/gcc-arm-none-eabi/bin/../lib/gcc/arm-none-eabi/10.3.1/../../../../arm-none-eabi/lib/thumb/v6-m/nofp\libg.a(lib_a-vfprintf.o)
 .rodata._ctype_
                0x0800ae18      0x101 e:/gcc-arm-none-eabi/bin/../lib/gcc/arm-none-eabi/10.3.1/../../../../arm-none-eabi/lib/thumb/v6-m/nofp\libg.a(lib_a-ctype_.o)
                0x0800ae18                _ctype_
 *fill*         0x0800af19        0x3 
 .rodata._dtoa_r.str1.4
                0x0800af1c       0xa2 e:/gcc-arm-none-eabi/bin/../lib/gcc/arm-none-eabi/10.3.1/../../../../arm-none-eabi/lib/thumb/v6-m/nofp\libg.a(lib_a-dtoa.o)
                                 0xa6 (size before relaxing)
 *fill*         0x0800afbe        0x2 
 .rodata.__multadd.str1.4
                0x0800afc0       0x7f e:/gcc-arm-none-eabi/bin/../lib/gcc/arm-none-eabi/10.3.1/../../../../arm-none-eabi/lib/thumb/v6-m/nofp\libg.a(lib_a-mprec.o)
                                 0x93 (size before relaxing)
 *fill*         0x0800b03f        0x1 
 .rodata.__mprec_bigtens
                0x0800b040       0x28 e:/gcc-arm-none-eabi/bin/../lib/gcc/arm-none-eabi/10.3.1/../../../../arm-none-eabi/lib/thumb/v6-m/nofp\libg.a(lib_a-mprec.o)
                0x0800b040                __mprec_bigtens
 .rodata.__mprec_tens
                0x0800b068       0xc8 e:/gcc-arm-none-eabi/bin/../lib/gcc/arm-none-eabi/10.3.1/../../../../arm-none-eabi/lib/thumb/v6-m/nofp\libg.a(lib_a-mprec.o)
                0x0800b068                __mprec_tens
 .rodata.p05.0  0x0800b130        0xc e:/gcc-arm-none-eabi/bin/../lib/gcc/arm-none-eabi/10.3.1/../../../../arm-none-eabi/lib/thumb/v6-m/nofp\libg.a(lib_a-mprec.o)
 .rodata._vfiprintf_r.str1.4
                0x0800b13c       0x2f e:/gcc-arm-none-eabi/bin/../lib/gcc/arm-none-eabi/10.3.1/../../../../arm-none-eabi/lib/thumb/v6-m/nofp\libg.a(lib_a-vfiprintf.o)
 .rodata._vfiprintf_r
                0x0800b13c      0x16c e:/gcc-arm-none-eabi/bin/../lib/gcc/arm-none-eabi/10.3.1/../../../../arm-none-eabi/lib/thumb/v6-m/nofp\libg.a(lib_a-vfiprintf.o)
 .rodata.blanks.1
                0x0800b2a8       0x10 e:/gcc-arm-none-eabi/bin/../lib/gcc/arm-none-eabi/10.3.1/../../../../arm-none-eabi/lib/thumb/v6-m/nofp\libg.a(lib_a-vfiprintf.o)
 .rodata.zeroes.0
                0x0800b2b8       0x10 e:/gcc-arm-none-eabi/bin/../lib/gcc/arm-none-eabi/10.3.1/../../../../arm-none-eabi/lib/thumb/v6-m/nofp\libg.a(lib_a-vfiprintf.o)
 .rodata.__assert_func.str1.4
                0x0800b2c8       0x3f e:/gcc-arm-none-eabi/bin/../lib/gcc/arm-none-eabi/10.3.1/../../../../arm-none-eabi/lib/thumb/v6-m/nofp\libg.a(lib_a-assert.o)
                                 0x43 (size before relaxing)
 *fill*         0x0800b307        0x1 
 .rodata._setlocale_r.str1.4
                0x0800b308        0xa e:/gcc-arm-none-eabi/bin/../lib/gcc/arm-none-eabi/10.3.1/../../../../arm-none-eabi/lib/thumb/v6-m/nofp\libg.a(lib_a-locale.o)
                                  0xd (size before relaxing)
 *fill*         0x0800b312        0x2 
 .rodata.str1.4
                0x0800b314        0x2 e:/gcc-arm-none-eabi/bin/../lib/gcc/arm-none-eabi/10.3.1/../../../../arm-none-eabi/lib/thumb/v6-m/nofp\libg.a(lib_a-locale.o)
                0x0800b318                . = ALIGN (0x4)
 *fill*         0x0800b316        0x2 

.ARM.extab
 *(.ARM.extab* .gnu.linkonce.armextab.*)

.ARM            0x0800b318        0x8
                0x0800b318                __exidx_start = .
 *(.ARM.exidx*)
 .ARM.exidx     0x0800b318        0x8 e:/gcc-arm-none-eabi/bin/../lib/gcc/arm-none-eabi/10.3.1/thumb/v6-m/nofp\libgcc.a(_udivmoddi4.o)
                0x0800b320                __exidx_end = .

.rel.dyn        0x0800b320        0x0
 .rel.iplt      0x0800b320        0x0 e:/gcc-arm-none-eabi/bin/../lib/gcc/arm-none-eabi/10.3.1/thumb/v6-m/nofp/crtbegin.o

.preinit_array  0x0800b320        0x0
                0x0800b320                PROVIDE (__preinit_array_start = .)
 *(.preinit_array*)
                0x0800b320                PROVIDE (__preinit_array_end = .)

.init_array     0x0800b320        0x8
                0x0800b320                PROVIDE (__init_array_start = .)
 *(SORT_BY_NAME(.init_array.*))
 .init_array.00000
                0x0800b320        0x4 e:/gcc-arm-none-eabi/bin/../lib/gcc/arm-none-eabi/10.3.1/../../../../arm-none-eabi/lib/thumb/v6-m/nofp\libg.a(lib_a-__call_atexit.o)
 *(.init_array*)
 .init_array    0x0800b324        0x4 e:/gcc-arm-none-eabi/bin/../lib/gcc/arm-none-eabi/10.3.1/thumb/v6-m/nofp/crtbegin.o
                0x0800b328                PROVIDE (__init_array_end = .)

.fini_array     0x0800b328        0x4
                0x0800b328                PROVIDE (__fini_array_start = .)
 *(SORT_BY_NAME(.fini_array.*))
 *(.fini_array*)
 .fini_array    0x0800b328        0x4 e:/gcc-arm-none-eabi/bin/../lib/gcc/arm-none-eabi/10.3.1/thumb/v6-m/nofp/crtbegin.o
                0x0800b32c                PROVIDE (__fini_array_end = .)
                0x0800b32c                _sidata = LOADADDR (.data)

.data           0x20000000      0x9b8 load address 0x0800b32c
                0x20000000                . = ALIGN (0x4)
                0x20000000                _sdata = .
 *(.data)
 *(.data*)
 .data.SystemCoreClock
                0x20000000        0x4 CMakeFiles/forest_detection.elf.dir/Core/Src/system_stm32l0xx.c.obj
                0x20000000                SystemCoreClock
 .data.uwTickFreq
                0x20000004        0x1 CMakeFiles/forest_detection.elf.dir/Drivers/STM32L0xx_HAL_Driver/Src/stm32l0xx_hal.c.obj
                0x20000004                uwTickFreq
 *fill*         0x20000005        0x3 
 .data.uwTickPrio
                0x20000008        0x4 CMakeFiles/forest_detection.elf.dir/Drivers/STM32L0xx_HAL_Driver/Src/stm32l0xx_hal.c.obj
                0x20000008                uwTickPrio
 .data._impure_ptr
                0x2000000c        0x4 e:/gcc-arm-none-eabi/bin/../lib/gcc/arm-none-eabi/10.3.1/../../../../arm-none-eabi/lib/thumb/v6-m/nofp\libg.a(lib_a-impure.o)
                0x2000000c                _impure_ptr
 .data.impure_data
                0x20000010      0x428 e:/gcc-arm-none-eabi/bin/../lib/gcc/arm-none-eabi/10.3.1/../../../../arm-none-eabi/lib/thumb/v6-m/nofp\libg.a(lib_a-impure.o)
 .data.__atexit_recursive_mutex
                0x20000438        0x4 e:/gcc-arm-none-eabi/bin/../lib/gcc/arm-none-eabi/10.3.1/../../../../arm-none-eabi/lib/thumb/v6-m/nofp\libg.a(lib_a-__call_atexit.o)
                0x20000438                __atexit_recursive_mutex
 .data.__malloc_av_
                0x2000043c      0x408 e:/gcc-arm-none-eabi/bin/../lib/gcc/arm-none-eabi/10.3.1/../../../../arm-none-eabi/lib/thumb/v6-m/nofp\libg.a(lib_a-mallocr.o)
                0x2000043c                __malloc_av_
 .data.__malloc_sbrk_base
                0x20000844        0x4 e:/gcc-arm-none-eabi/bin/../lib/gcc/arm-none-eabi/10.3.1/../../../../arm-none-eabi/lib/thumb/v6-m/nofp\libg.a(lib_a-mallocr.o)
                0x20000844                __malloc_sbrk_base
 .data.__malloc_trim_threshold
                0x20000848        0x4 e:/gcc-arm-none-eabi/bin/../lib/gcc/arm-none-eabi/10.3.1/../../../../arm-none-eabi/lib/thumb/v6-m/nofp\libg.a(lib_a-mallocr.o)
                0x20000848                __malloc_trim_threshold
 .data.__global_locale
                0x2000084c      0x16c e:/gcc-arm-none-eabi/bin/../lib/gcc/arm-none-eabi/10.3.1/../../../../arm-none-eabi/lib/thumb/v6-m/nofp\libg.a(lib_a-locale.o)
                0x2000084c                __global_locale
                0x200009b8                . = ALIGN (0x4)
                0x200009b8                _edata = .

.igot.plt       0x200009b8        0x0 load address 0x0800bce4
 .igot.plt      0x200009b8        0x0 e:/gcc-arm-none-eabi/bin/../lib/gcc/arm-none-eabi/10.3.1/thumb/v6-m/nofp/crtbegin.o
                0x200009b8                . = ALIGN (0x4)

.bss            0x200009b8      0x6a4 load address 0x0800bce4
                0x200009b8                _sbss = .
                0x200009b8                __bss_start__ = _sbss
 *(.bss)
 .bss           0x200009b8       0x1c e:/gcc-arm-none-eabi/bin/../lib/gcc/arm-none-eabi/10.3.1/thumb/v6-m/nofp/crtbegin.o
 *(.bss*)
 .bss.g_hardware_times
                0x200009d4        0x2 CMakeFiles/forest_detection.elf.dir/Add/Src/me3616.c.obj
                0x200009d4                g_hardware_times
 .bss.g_me3616_miplnotify_flag
                0x200009d6        0x1 CMakeFiles/forest_detection.elf.dir/Add/Src/me3616.c.obj
                0x200009d6                g_me3616_miplnotify_flag
 *fill*         0x200009d7        0x1 
 .bss.hadc      0x200009d8       0x5c CMakeFiles/forest_detection.elf.dir/Core/Src/adc.c.obj
                0x200009d8                hadc
 .bss.heap_end.0
                0x20000a34        0x4 CMakeFiles/forest_detection.elf.dir/Core/Src/syscalls.c.obj
 .bss.htim21    0x20000a38       0x40 CMakeFiles/forest_detection.elf.dir/Core/Src/tim.c.obj
                0x20000a38                htim21
 .bss.LPUART1_Handler
                0x20000a78       0x84 CMakeFiles/forest_detection.elf.dir/Core/Src/usart.c.obj
                0x20000a78                LPUART1_Handler
 .bss.USART2_Handler
                0x20000afc       0x84 CMakeFiles/forest_detection.elf.dir/Core/Src/usart.c.obj
                0x20000afc                USART2_Handler
 .bss.USART2_RX_BUF
                0x20000b80      0x400 CMakeFiles/forest_detection.elf.dir/Core/Src/usart.c.obj
                0x20000b80                USART2_RX_BUF
 .bss.USART2_RX_LEN
                0x20000f80        0x2 CMakeFiles/forest_detection.elf.dir/Core/Src/usart.c.obj
                0x20000f80                USART2_RX_LEN
 *fill*         0x20000f82        0x2 
 .bss.USART_RX_BUF
                0x20000f84       0x80 CMakeFiles/forest_detection.elf.dir/Core/Src/usart.c.obj
                0x20000f84                USART_RX_BUF
 .bss.USART_RX_LEN
                0x20001004        0x1 CMakeFiles/forest_detection.elf.dir/Core/Src/usart.c.obj
                0x20001004                USART_RX_LEN
 *fill*         0x20001005        0x3 
 .bss.USART_RX_Timeout
                0x20001008        0x4 CMakeFiles/forest_detection.elf.dir/Core/Src/usart.c.obj
                0x20001008                USART_RX_Timeout
 .bss.USART_RX_flag
                0x2000100c        0x1 CMakeFiles/forest_detection.elf.dir/Core/Src/usart.c.obj
                0x2000100c                USART_RX_flag
 *fill*         0x2000100d        0x3 
 .bss.uwTick    0x20001010        0x4 CMakeFiles/forest_detection.elf.dir/Drivers/STM32L0xx_HAL_Driver/Src/stm32l0xx_hal.c.obj
                0x20001010                uwTick
 .bss.__lock___atexit_recursive_mutex
                0x20001014        0x1 e:/gcc-arm-none-eabi/bin/../lib/gcc/arm-none-eabi/10.3.1/../../../../arm-none-eabi/lib/thumb/v6-m/nofp\libg.a(lib_a-lock.o)
                0x20001014                __lock___atexit_recursive_mutex
 *fill*         0x20001015        0x3 
 .bss.__lock___malloc_recursive_mutex
                0x20001018        0x1 e:/gcc-arm-none-eabi/bin/../lib/gcc/arm-none-eabi/10.3.1/../../../../arm-none-eabi/lib/thumb/v6-m/nofp\libg.a(lib_a-lock.o)
                0x20001018                __lock___malloc_recursive_mutex
 *fill*         0x20001019        0x3 
 .bss.__lock___sfp_recursive_mutex
                0x2000101c        0x1 e:/gcc-arm-none-eabi/bin/../lib/gcc/arm-none-eabi/10.3.1/../../../../arm-none-eabi/lib/thumb/v6-m/nofp\libg.a(lib_a-lock.o)
                0x2000101c                __lock___sfp_recursive_mutex
 *fill*         0x2000101d        0x3 
 .bss.__lock___sinit_recursive_mutex
                0x20001020        0x1 e:/gcc-arm-none-eabi/bin/../lib/gcc/arm-none-eabi/10.3.1/../../../../arm-none-eabi/lib/thumb/v6-m/nofp\libg.a(lib_a-lock.o)
                0x20001020                __lock___sinit_recursive_mutex
 *fill*         0x20001021        0x3 
 .bss.__malloc_current_mallinfo
                0x20001024       0x28 e:/gcc-arm-none-eabi/bin/../lib/gcc/arm-none-eabi/10.3.1/../../../../arm-none-eabi/lib/thumb/v6-m/nofp\libg.a(lib_a-mallocr.o)
                0x20001024                __malloc_current_mallinfo
 .bss.__malloc_max_sbrked_mem
                0x2000104c        0x4 e:/gcc-arm-none-eabi/bin/../lib/gcc/arm-none-eabi/10.3.1/../../../../arm-none-eabi/lib/thumb/v6-m/nofp\libg.a(lib_a-mallocr.o)
                0x2000104c                __malloc_max_sbrked_mem
 .bss.__malloc_max_total_mem
                0x20001050        0x4 e:/gcc-arm-none-eabi/bin/../lib/gcc/arm-none-eabi/10.3.1/../../../../arm-none-eabi/lib/thumb/v6-m/nofp\libg.a(lib_a-mallocr.o)
                0x20001050                __malloc_max_total_mem
 .bss.__malloc_top_pad
                0x20001054        0x4 e:/gcc-arm-none-eabi/bin/../lib/gcc/arm-none-eabi/10.3.1/../../../../arm-none-eabi/lib/thumb/v6-m/nofp\libg.a(lib_a-mallocr.o)
                0x20001054                __malloc_top_pad
 .bss.errno     0x20001058        0x4 e:/gcc-arm-none-eabi/bin/../lib/gcc/arm-none-eabi/10.3.1/../../../../arm-none-eabi/lib/thumb/v6-m/nofp\libg.a(lib_a-reent.o)
                0x20001058                errno
 *(COMMON)
                0x2000105c                . = ALIGN (0x4)
                0x2000105c                _ebss = .
                0x2000105c                __bss_end__ = _ebss

._user_heap_stack
                0x2000105c      0x604 load address 0x0800bce4
                0x20001060                . = ALIGN (0x8)
 *fill*         0x2000105c        0x4 
                0x20001060                PROVIDE (end = .)
                [!provide]                PROVIDE (_end = .)
                0x20001260                . = (. + _Min_Heap_Size)
 *fill*         0x20001060      0x200 
                0x20001660                . = (. + _Min_Stack_Size)
 *fill*         0x20001260      0x400 
                0x20001660                . = ALIGN (0x8)

/DISCARD/
 libc.a(*)
 libm.a(*)
 libgcc.a(*)

.ARM.attributes
                0x00000000       0x28
 *(.ARM.attributes)
 .ARM.attributes
                0x00000000       0x1e e:/gcc-arm-none-eabi/bin/../lib/gcc/arm-none-eabi/10.3.1/thumb/v6-m/nofp/crti.o
 .ARM.attributes
                0x0000001e       0x2c e:/gcc-arm-none-eabi/bin/../lib/gcc/arm-none-eabi/10.3.1/thumb/v6-m/nofp/crtbegin.o
 .ARM.attributes
                0x0000004a       0x2c CMakeFiles/forest_detection.elf.dir/Add/Src/me3616.c.obj
 .ARM.attributes
                0x00000076       0x2c CMakeFiles/forest_detection.elf.dir/Core/Src/adc.c.obj
 .ARM.attributes
                0x000000a2       0x2c CMakeFiles/forest_detection.elf.dir/Core/Src/gpio.c.obj
 .ARM.attributes
                0x000000ce       0x2c CMakeFiles/forest_detection.elf.dir/Core/Src/main.c.obj
 .ARM.attributes
                0x000000fa       0x2c CMakeFiles/forest_detection.elf.dir/Core/Src/stm32l0xx_hal_msp.c.obj
 .ARM.attributes
                0x00000126       0x2c CMakeFiles/forest_detection.elf.dir/Core/Src/stm32l0xx_it.c.obj
 .ARM.attributes
                0x00000152       0x2c CMakeFiles/forest_detection.elf.dir/Core/Src/syscalls.c.obj
 .ARM.attributes
                0x0000017e       0x2c CMakeFiles/forest_detection.elf.dir/Core/Src/system_stm32l0xx.c.obj
 .ARM.attributes
                0x000001aa       0x2c CMakeFiles/forest_detection.elf.dir/Core/Src/tim.c.obj
 .ARM.attributes
                0x000001d6       0x2c CMakeFiles/forest_detection.elf.dir/Core/Src/usart.c.obj
 .ARM.attributes
                0x00000202       0x2c CMakeFiles/forest_detection.elf.dir/Drivers/STM32L0xx_HAL_Driver/Src/stm32l0xx_hal.c.obj
 .ARM.attributes
                0x0000022e       0x2c CMakeFiles/forest_detection.elf.dir/Drivers/STM32L0xx_HAL_Driver/Src/stm32l0xx_hal_adc.c.obj
 .ARM.attributes
                0x0000025a       0x2c CMakeFiles/forest_detection.elf.dir/Drivers/STM32L0xx_HAL_Driver/Src/stm32l0xx_hal_cortex.c.obj
 .ARM.attributes
                0x00000286       0x2c CMakeFiles/forest_detection.elf.dir/Drivers/STM32L0xx_HAL_Driver/Src/stm32l0xx_hal_dma.c.obj
 .ARM.attributes
                0x000002b2       0x2c CMakeFiles/forest_detection.elf.dir/Drivers/STM32L0xx_HAL_Driver/Src/stm32l0xx_hal_gpio.c.obj
 .ARM.attributes
                0x000002de       0x2c CMakeFiles/forest_detection.elf.dir/Drivers/STM32L0xx_HAL_Driver/Src/stm32l0xx_hal_rcc.c.obj
 .ARM.attributes
                0x0000030a       0x2c CMakeFiles/forest_detection.elf.dir/Drivers/STM32L0xx_HAL_Driver/Src/stm32l0xx_hal_rcc_ex.c.obj
 .ARM.attributes
                0x00000336       0x2c CMakeFiles/forest_detection.elf.dir/Drivers/STM32L0xx_HAL_Driver/Src/stm32l0xx_hal_tim.c.obj
 .ARM.attributes
                0x00000362       0x2c CMakeFiles/forest_detection.elf.dir/Drivers/STM32L0xx_HAL_Driver/Src/stm32l0xx_hal_tim_ex.c.obj
 .ARM.attributes
                0x0000038e       0x2c CMakeFiles/forest_detection.elf.dir/Drivers/STM32L0xx_HAL_Driver/Src/stm32l0xx_hal_uart.c.obj
 .ARM.attributes
                0x000003ba       0x2c CMakeFiles/forest_detection.elf.dir/Drivers/STM32L0xx_HAL_Driver/Src/stm32l0xx_hal_uart_ex.c.obj
 .ARM.attributes
                0x000003e6       0x22 CMakeFiles/forest_detection.elf.dir/startup/startup_stm32l031xx.s.obj
 .ARM.attributes
                0x00000408       0x1e e:/gcc-arm-none-eabi/bin/../lib/gcc/arm-none-eabi/10.3.1/thumb/v6-m/nofp\libgcc.a(_udivsi3.o)
 .ARM.attributes
                0x00000426       0x1e e:/gcc-arm-none-eabi/bin/../lib/gcc/arm-none-eabi/10.3.1/thumb/v6-m/nofp\libgcc.a(_dvmd_tls.o)
 .ARM.attributes
                0x00000444       0x1e e:/gcc-arm-none-eabi/bin/../lib/gcc/arm-none-eabi/10.3.1/thumb/v6-m/nofp\libgcc.a(_aeabi_uldivmod.o)
 .ARM.attributes
                0x00000462       0x2c e:/gcc-arm-none-eabi/bin/../lib/gcc/arm-none-eabi/10.3.1/thumb/v6-m/nofp\libgcc.a(_muldi3.o)
 .ARM.attributes
                0x0000048e       0x2c e:/gcc-arm-none-eabi/bin/../lib/gcc/arm-none-eabi/10.3.1/thumb/v6-m/nofp\libgcc.a(_udivmoddi4.o)
 .ARM.attributes
                0x000004ba       0x1e e:/gcc-arm-none-eabi/bin/../lib/gcc/arm-none-eabi/10.3.1/thumb/v6-m/nofp\libgcc.a(_clzdi2.o)
 .ARM.attributes
                0x000004d8       0x1e e:/gcc-arm-none-eabi/bin/../lib/gcc/arm-none-eabi/10.3.1/thumb/v6-m/nofp\libgcc.a(_clzsi2.o)
 .ARM.attributes
                0x000004f6       0x2c e:/gcc-arm-none-eabi/bin/../lib/gcc/arm-none-eabi/10.3.1/../../../../arm-none-eabi/lib/thumb/v6-m/nofp\libg.a(lib_a-errno.o)
 .ARM.attributes
                0x00000522       0x2c e:/gcc-arm-none-eabi/bin/../lib/gcc/arm-none-eabi/10.3.1/../../../../arm-none-eabi/lib/thumb/v6-m/nofp\libg.a(lib_a-impure.o)
 .ARM.attributes
                0x0000054e       0x2c e:/gcc-arm-none-eabi/bin/../lib/gcc/arm-none-eabi/10.3.1/../../../../arm-none-eabi/lib/thumb/v6-m/nofp\libg.a(lib_a-init.o)
 .ARM.attributes
                0x0000057a       0x2c e:/gcc-arm-none-eabi/bin/../lib/gcc/arm-none-eabi/10.3.1/../../../../arm-none-eabi/lib/thumb/v6-m/nofp\libg.a(lib_a-memcpy-stub.o)
 .ARM.attributes
                0x000005a6       0x2c e:/gcc-arm-none-eabi/bin/../lib/gcc/arm-none-eabi/10.3.1/../../../../arm-none-eabi/lib/thumb/v6-m/nofp\libg.a(lib_a-memset.o)
 .ARM.attributes
                0x000005d2       0x2c e:/gcc-arm-none-eabi/bin/../lib/gcc/arm-none-eabi/10.3.1/../../../../arm-none-eabi/lib/thumb/v6-m/nofp\libg.a(lib_a-printf.o)
 .ARM.attributes
                0x000005fe       0x2c e:/gcc-arm-none-eabi/bin/../lib/gcc/arm-none-eabi/10.3.1/../../../../arm-none-eabi/lib/thumb/v6-m/nofp\libg.a(lib_a-strlen-stub.o)
 .ARM.attributes
                0x0000062a       0x2c e:/gcc-arm-none-eabi/bin/../lib/gcc/arm-none-eabi/10.3.1/../../../../arm-none-eabi/lib/thumb/v6-m/nofp\libg.a(lib_a-vfprintf.o)
 .ARM.attributes
                0x00000656       0x2c e:/gcc-arm-none-eabi/bin/../lib/gcc/arm-none-eabi/10.3.1/../../../../arm-none-eabi/lib/thumb/v6-m/nofp\libg.a(lib_a-wsetup.o)
 .ARM.attributes
                0x00000682       0x2c e:/gcc-arm-none-eabi/bin/../lib/gcc/arm-none-eabi/10.3.1/../../../../arm-none-eabi/lib/thumb/v6-m/nofp\libg.a(lib_a-__call_atexit.o)
 .ARM.attributes
                0x000006ae       0x2c e:/gcc-arm-none-eabi/bin/../lib/gcc/arm-none-eabi/10.3.1/../../../../arm-none-eabi/lib/thumb/v6-m/nofp\libg.a(lib_a-atexit.o)
 .ARM.attributes
                0x000006da       0x2c e:/gcc-arm-none-eabi/bin/../lib/gcc/arm-none-eabi/10.3.1/../../../../arm-none-eabi/lib/thumb/v6-m/nofp\libg.a(lib_a-ctype_.o)
 .ARM.attributes
                0x00000706       0x2c e:/gcc-arm-none-eabi/bin/../lib/gcc/arm-none-eabi/10.3.1/../../../../arm-none-eabi/lib/thumb/v6-m/nofp\libg.a(lib_a-dtoa.o)
 .ARM.attributes
                0x00000732       0x2c e:/gcc-arm-none-eabi/bin/../lib/gcc/arm-none-eabi/10.3.1/../../../../arm-none-eabi/lib/thumb/v6-m/nofp\libg.a(lib_a-fflush.o)
 .ARM.attributes
                0x0000075e       0x2c e:/gcc-arm-none-eabi/bin/../lib/gcc/arm-none-eabi/10.3.1/../../../../arm-none-eabi/lib/thumb/v6-m/nofp\libg.a(lib_a-findfp.o)
 .ARM.attributes
                0x0000078a       0x2c e:/gcc-arm-none-eabi/bin/../lib/gcc/arm-none-eabi/10.3.1/../../../../arm-none-eabi/lib/thumb/v6-m/nofp\libg.a(lib_a-fini.o)
 .ARM.attributes
                0x000007b6       0x2c e:/gcc-arm-none-eabi/bin/../lib/gcc/arm-none-eabi/10.3.1/../../../../arm-none-eabi/lib/thumb/v6-m/nofp\libg.a(lib_a-freer.o)
 .ARM.attributes
                0x000007e2       0x2c e:/gcc-arm-none-eabi/bin/../lib/gcc/arm-none-eabi/10.3.1/../../../../arm-none-eabi/lib/thumb/v6-m/nofp\libg.a(lib_a-fvwrite.o)
 .ARM.attributes
                0x0000080e       0x2c e:/gcc-arm-none-eabi/bin/../lib/gcc/arm-none-eabi/10.3.1/../../../../arm-none-eabi/lib/thumb/v6-m/nofp\libg.a(lib_a-fwalk.o)
 .ARM.attributes
                0x0000083a       0x2c e:/gcc-arm-none-eabi/bin/../lib/gcc/arm-none-eabi/10.3.1/../../../../arm-none-eabi/lib/thumb/v6-m/nofp\libg.a(lib_a-localeconv.o)
 .ARM.attributes
                0x00000866       0x2c e:/gcc-arm-none-eabi/bin/../lib/gcc/arm-none-eabi/10.3.1/../../../../arm-none-eabi/lib/thumb/v6-m/nofp\libg.a(lib_a-lock.o)
 .ARM.attributes
                0x00000892       0x2c e:/gcc-arm-none-eabi/bin/../lib/gcc/arm-none-eabi/10.3.1/../../../../arm-none-eabi/lib/thumb/v6-m/nofp\libg.a(lib_a-makebuf.o)
 .ARM.attributes
                0x000008be       0x2c e:/gcc-arm-none-eabi/bin/../lib/gcc/arm-none-eabi/10.3.1/../../../../arm-none-eabi/lib/thumb/v6-m/nofp\libg.a(lib_a-mallocr.o)
 .ARM.attributes
                0x000008ea       0x2c e:/gcc-arm-none-eabi/bin/../lib/gcc/arm-none-eabi/10.3.1/../../../../arm-none-eabi/lib/thumb/v6-m/nofp\libg.a(lib_a-memchr-stub.o)
 .ARM.attributes
                0x00000916       0x2c e:/gcc-arm-none-eabi/bin/../lib/gcc/arm-none-eabi/10.3.1/../../../../arm-none-eabi/lib/thumb/v6-m/nofp\libg.a(lib_a-memmove.o)
 .ARM.attributes
                0x00000942       0x2c e:/gcc-arm-none-eabi/bin/../lib/gcc/arm-none-eabi/10.3.1/../../../../arm-none-eabi/lib/thumb/v6-m/nofp\libg.a(lib_a-mlock.o)
 .ARM.attributes
                0x0000096e       0x2c e:/gcc-arm-none-eabi/bin/../lib/gcc/arm-none-eabi/10.3.1/../../../../arm-none-eabi/lib/thumb/v6-m/nofp\libg.a(lib_a-mprec.o)
 .ARM.attributes
                0x0000099a       0x2c e:/gcc-arm-none-eabi/bin/../lib/gcc/arm-none-eabi/10.3.1/../../../../arm-none-eabi/lib/thumb/v6-m/nofp\libg.a(lib_a-reallocr.o)
 .ARM.attributes
                0x000009c6       0x2c e:/gcc-arm-none-eabi/bin/../lib/gcc/arm-none-eabi/10.3.1/../../../../arm-none-eabi/lib/thumb/v6-m/nofp\libg.a(lib_a-s_frexp.o)
 .ARM.attributes
                0x000009f2       0x2c e:/gcc-arm-none-eabi/bin/../lib/gcc/arm-none-eabi/10.3.1/../../../../arm-none-eabi/lib/thumb/v6-m/nofp\libg.a(lib_a-sbrkr.o)
 .ARM.attributes
                0x00000a1e       0x2c e:/gcc-arm-none-eabi/bin/../lib/gcc/arm-none-eabi/10.3.1/../../../../arm-none-eabi/lib/thumb/v6-m/nofp\libg.a(lib_a-stdio.o)
 .ARM.attributes
                0x00000a4a       0x2c e:/gcc-arm-none-eabi/bin/../lib/gcc/arm-none-eabi/10.3.1/../../../../arm-none-eabi/lib/thumb/v6-m/nofp\libg.a(lib_a-strncpy.o)
 .ARM.attributes
                0x00000a76       0x2c e:/gcc-arm-none-eabi/bin/../lib/gcc/arm-none-eabi/10.3.1/../../../../arm-none-eabi/lib/thumb/v6-m/nofp\libg.a(lib_a-vfiprintf.o)
 .ARM.attributes
                0x00000aa2       0x2c e:/gcc-arm-none-eabi/bin/../lib/gcc/arm-none-eabi/10.3.1/../../../../arm-none-eabi/lib/thumb/v6-m/nofp\libg.a(lib_a-writer.o)
 .ARM.attributes
                0x00000ace       0x2c e:/gcc-arm-none-eabi/bin/../lib/gcc/arm-none-eabi/10.3.1/../../../../arm-none-eabi/lib/thumb/v6-m/nofp\libg.a(lib_a-__atexit.o)
 .ARM.attributes
                0x00000afa       0x2c e:/gcc-arm-none-eabi/bin/../lib/gcc/arm-none-eabi/10.3.1/../../../../arm-none-eabi/lib/thumb/v6-m/nofp\libg.a(lib_a-assert.o)
 .ARM.attributes
                0x00000b26       0x2c e:/gcc-arm-none-eabi/bin/../lib/gcc/arm-none-eabi/10.3.1/../../../../arm-none-eabi/lib/thumb/v6-m/nofp\libg.a(lib_a-callocr.o)
 .ARM.attributes
                0x00000b52       0x2c e:/gcc-arm-none-eabi/bin/../lib/gcc/arm-none-eabi/10.3.1/../../../../arm-none-eabi/lib/thumb/v6-m/nofp\libg.a(lib_a-closer.o)
 .ARM.attributes
                0x00000b7e       0x2c e:/gcc-arm-none-eabi/bin/../lib/gcc/arm-none-eabi/10.3.1/../../../../arm-none-eabi/lib/thumb/v6-m/nofp\libg.a(lib_a-fclose.o)
 .ARM.attributes
                0x00000baa       0x2c e:/gcc-arm-none-eabi/bin/../lib/gcc/arm-none-eabi/10.3.1/../../../../arm-none-eabi/lib/thumb/v6-m/nofp\libg.a(lib_a-fiprintf.o)
 .ARM.attributes
                0x00000bd6       0x2c e:/gcc-arm-none-eabi/bin/../lib/gcc/arm-none-eabi/10.3.1/../../../../arm-none-eabi/lib/thumb/v6-m/nofp\libg.a(lib_a-fputwc.o)
 .ARM.attributes
                0x00000c02       0x2c e:/gcc-arm-none-eabi/bin/../lib/gcc/arm-none-eabi/10.3.1/../../../../arm-none-eabi/lib/thumb/v6-m/nofp\libg.a(lib_a-fstatr.o)
 .ARM.attributes
                0x00000c2e       0x2c e:/gcc-arm-none-eabi/bin/../lib/gcc/arm-none-eabi/10.3.1/../../../../arm-none-eabi/lib/thumb/v6-m/nofp\libg.a(lib_a-isattyr.o)
 .ARM.attributes
                0x00000c5a       0x2c e:/gcc-arm-none-eabi/bin/../lib/gcc/arm-none-eabi/10.3.1/../../../../arm-none-eabi/lib/thumb/v6-m/nofp\libg.a(lib_a-locale.o)
 .ARM.attributes
                0x00000c86       0x2c e:/gcc-arm-none-eabi/bin/../lib/gcc/arm-none-eabi/10.3.1/../../../../arm-none-eabi/lib/thumb/v6-m/nofp\libg.a(lib_a-lseekr.o)
 .ARM.attributes
                0x00000cb2       0x2c e:/gcc-arm-none-eabi/bin/../lib/gcc/arm-none-eabi/10.3.1/../../../../arm-none-eabi/lib/thumb/v6-m/nofp\libg.a(lib_a-mbtowc_r.o)
 .ARM.attributes
                0x00000cde       0x2c e:/gcc-arm-none-eabi/bin/../lib/gcc/arm-none-eabi/10.3.1/../../../../arm-none-eabi/lib/thumb/v6-m/nofp\libg.a(lib_a-readr.o)
 .ARM.attributes
                0x00000d0a       0x2c e:/gcc-arm-none-eabi/bin/../lib/gcc/arm-none-eabi/10.3.1/../../../../arm-none-eabi/lib/thumb/v6-m/nofp\libg.a(lib_a-reent.o)
 .ARM.attributes
                0x00000d36       0x2c e:/gcc-arm-none-eabi/bin/../lib/gcc/arm-none-eabi/10.3.1/../../../../arm-none-eabi/lib/thumb/v6-m/nofp\libg.a(lib_a-wbuf.o)
 .ARM.attributes
                0x00000d62       0x2c e:/gcc-arm-none-eabi/bin/../lib/gcc/arm-none-eabi/10.3.1/../../../../arm-none-eabi/lib/thumb/v6-m/nofp\libg.a(lib_a-wcrtomb.o)
 .ARM.attributes
                0x00000d8e       0x2c e:/gcc-arm-none-eabi/bin/../lib/gcc/arm-none-eabi/10.3.1/../../../../arm-none-eabi/lib/thumb/v6-m/nofp\libg.a(lib_a-wctomb_r.o)
 .ARM.attributes
                0x00000dba       0x2c e:/gcc-arm-none-eabi/bin/../lib/gcc/arm-none-eabi/10.3.1/../../../../arm-none-eabi/lib/thumb/v6-m/nofp\libg.a(lib_a-abort.o)
 .ARM.attributes
                0x00000de6       0x2c e:/gcc-arm-none-eabi/bin/../lib/gcc/arm-none-eabi/10.3.1/../../../../arm-none-eabi/lib/thumb/v6-m/nofp\libg.a(lib_a-signal.o)
 .ARM.attributes
                0x00000e12       0x2c e:/gcc-arm-none-eabi/bin/../lib/gcc/arm-none-eabi/10.3.1/../../../../arm-none-eabi/lib/thumb/v6-m/nofp\libg.a(lib_a-signalr.o)
 .ARM.attributes
                0x00000e3e       0x1e e:/gcc-arm-none-eabi/bin/../lib/gcc/arm-none-eabi/10.3.1/thumb/v6-m/nofp\libgcc.a(_divsi3.o)
 .ARM.attributes
                0x00000e5c       0x1e e:/gcc-arm-none-eabi/bin/../lib/gcc/arm-none-eabi/10.3.1/thumb/v6-m/nofp\libgcc.a(_arm_cmpdf2.o)
 .ARM.attributes
                0x00000e7a       0x2c e:/gcc-arm-none-eabi/bin/../lib/gcc/arm-none-eabi/10.3.1/thumb/v6-m/nofp\libgcc.a(adddf3.o)
 .ARM.attributes
                0x00000ea6       0x2c e:/gcc-arm-none-eabi/bin/../lib/gcc/arm-none-eabi/10.3.1/thumb/v6-m/nofp\libgcc.a(divdf3.o)
 .ARM.attributes
                0x00000ed2       0x2c e:/gcc-arm-none-eabi/bin/../lib/gcc/arm-none-eabi/10.3.1/thumb/v6-m/nofp\libgcc.a(eqdf2.o)
 .ARM.attributes
                0x00000efe       0x2c e:/gcc-arm-none-eabi/bin/../lib/gcc/arm-none-eabi/10.3.1/thumb/v6-m/nofp\libgcc.a(gedf2.o)
 .ARM.attributes
                0x00000f2a       0x2c e:/gcc-arm-none-eabi/bin/../lib/gcc/arm-none-eabi/10.3.1/thumb/v6-m/nofp\libgcc.a(ledf2.o)
 .ARM.attributes
                0x00000f56       0x2c e:/gcc-arm-none-eabi/bin/../lib/gcc/arm-none-eabi/10.3.1/thumb/v6-m/nofp\libgcc.a(muldf3.o)
 .ARM.attributes
                0x00000f82       0x2c e:/gcc-arm-none-eabi/bin/../lib/gcc/arm-none-eabi/10.3.1/thumb/v6-m/nofp\libgcc.a(subdf3.o)
 .ARM.attributes
                0x00000fae       0x2c e:/gcc-arm-none-eabi/bin/../lib/gcc/arm-none-eabi/10.3.1/thumb/v6-m/nofp\libgcc.a(unorddf2.o)
 .ARM.attributes
                0x00000fda       0x2c e:/gcc-arm-none-eabi/bin/../lib/gcc/arm-none-eabi/10.3.1/thumb/v6-m/nofp\libgcc.a(fixdfsi.o)
 .ARM.attributes
                0x00001006       0x2c e:/gcc-arm-none-eabi/bin/../lib/gcc/arm-none-eabi/10.3.1/thumb/v6-m/nofp\libgcc.a(floatsidf.o)
 .ARM.attributes
                0x00001032       0x2c e:/gcc-arm-none-eabi/bin/../lib/gcc/arm-none-eabi/10.3.1/thumb/v6-m/nofp\libgcc.a(floatunsidf.o)
 .ARM.attributes
                0x0000105e       0x1e e:/gcc-arm-none-eabi/bin/../lib/gcc/arm-none-eabi/10.3.1/thumb/v6-m/nofp/crtn.o
OUTPUT(forest_detection.elf elf32-littlearm)
LOAD linker stubs
LOAD e:/gcc-arm-none-eabi/bin/../lib/gcc/arm-none-eabi/10.3.1/../../../../arm-none-eabi/lib/thumb/v6-m/nofp\libc.a
LOAD e:/gcc-arm-none-eabi/bin/../lib/gcc/arm-none-eabi/10.3.1/../../../../arm-none-eabi/lib/thumb/v6-m/nofp\libm.a
LOAD e:/gcc-arm-none-eabi/bin/../lib/gcc/arm-none-eabi/10.3.1/thumb/v6-m/nofp\libgcc.a

.debug_info     0x00000000    0x155cb
 .debug_info    0x00000000     0x29ee CMakeFiles/forest_detection.elf.dir/Add/Src/me3616.c.obj
 .debug_info    0x000029ee      0xa17 CMakeFiles/forest_detection.elf.dir/Core/Src/adc.c.obj
 .debug_info    0x00003405      0x491 CMakeFiles/forest_detection.elf.dir/Core/Src/gpio.c.obj
 .debug_info    0x00003896      0x4ba CMakeFiles/forest_detection.elf.dir/Core/Src/main.c.obj
 .debug_info    0x00003d50      0x1df CMakeFiles/forest_detection.elf.dir/Core/Src/stm32l0xx_hal_msp.c.obj
 .debug_info    0x00003f2f       0xe8 CMakeFiles/forest_detection.elf.dir/Core/Src/stm32l0xx_it.c.obj
 .debug_info    0x00004017      0x835 CMakeFiles/forest_detection.elf.dir/Core/Src/syscalls.c.obj
 .debug_info    0x0000484c      0x342 CMakeFiles/forest_detection.elf.dir/Core/Src/system_stm32l0xx.c.obj
 .debug_info    0x00004b8e      0xacf CMakeFiles/forest_detection.elf.dir/Core/Src/tim.c.obj
 .debug_info    0x0000565d     0x1ae1 CMakeFiles/forest_detection.elf.dir/Core/Src/usart.c.obj
 .debug_info    0x0000713e      0x8ec CMakeFiles/forest_detection.elf.dir/Drivers/STM32L0xx_HAL_Driver/Src/stm32l0xx_hal.c.obj
 .debug_info    0x00007a2a     0x102b CMakeFiles/forest_detection.elf.dir/Drivers/STM32L0xx_HAL_Driver/Src/stm32l0xx_hal_adc.c.obj
 .debug_info    0x00008a55      0x819 CMakeFiles/forest_detection.elf.dir/Drivers/STM32L0xx_HAL_Driver/Src/stm32l0xx_hal_cortex.c.obj
 .debug_info    0x0000926e      0x889 CMakeFiles/forest_detection.elf.dir/Drivers/STM32L0xx_HAL_Driver/Src/stm32l0xx_hal_dma.c.obj
 .debug_info    0x00009af7      0x6dd CMakeFiles/forest_detection.elf.dir/Drivers/STM32L0xx_HAL_Driver/Src/stm32l0xx_hal_gpio.c.obj
 .debug_info    0x0000a1d4      0xc93 CMakeFiles/forest_detection.elf.dir/Drivers/STM32L0xx_HAL_Driver/Src/stm32l0xx_hal_rcc.c.obj
 .debug_info    0x0000ae67      0x559 CMakeFiles/forest_detection.elf.dir/Drivers/STM32L0xx_HAL_Driver/Src/stm32l0xx_hal_rcc_ex.c.obj
 .debug_info    0x0000b3c0     0x3ae7 CMakeFiles/forest_detection.elf.dir/Drivers/STM32L0xx_HAL_Driver/Src/stm32l0xx_hal_tim.c.obj
 .debug_info    0x0000eea7      0x700 CMakeFiles/forest_detection.elf.dir/Drivers/STM32L0xx_HAL_Driver/Src/stm32l0xx_hal_tim_ex.c.obj
 .debug_info    0x0000f5a7     0x5062 CMakeFiles/forest_detection.elf.dir/Drivers/STM32L0xx_HAL_Driver/Src/stm32l0xx_hal_uart.c.obj
 .debug_info    0x00014609      0xfa0 CMakeFiles/forest_detection.elf.dir/Drivers/STM32L0xx_HAL_Driver/Src/stm32l0xx_hal_uart_ex.c.obj
 .debug_info    0x000155a9       0x22 CMakeFiles/forest_detection.elf.dir/startup/startup_stm32l031xx.s.obj

.debug_abbrev   0x00000000     0x2ae3
 .debug_abbrev  0x00000000      0x346 CMakeFiles/forest_detection.elf.dir/Add/Src/me3616.c.obj
 .debug_abbrev  0x00000346      0x1f5 CMakeFiles/forest_detection.elf.dir/Core/Src/adc.c.obj
 .debug_abbrev  0x0000053b      0x15f CMakeFiles/forest_detection.elf.dir/Core/Src/gpio.c.obj
 .debug_abbrev  0x0000069a      0x194 CMakeFiles/forest_detection.elf.dir/Core/Src/main.c.obj
 .debug_abbrev  0x0000082e       0x9a CMakeFiles/forest_detection.elf.dir/Core/Src/stm32l0xx_hal_msp.c.obj
 .debug_abbrev  0x000008c8       0x7e CMakeFiles/forest_detection.elf.dir/Core/Src/stm32l0xx_it.c.obj
 .debug_abbrev  0x00000946      0x1da CMakeFiles/forest_detection.elf.dir/Core/Src/syscalls.c.obj
 .debug_abbrev  0x00000b20      0x131 CMakeFiles/forest_detection.elf.dir/Core/Src/system_stm32l0xx.c.obj
 .debug_abbrev  0x00000c51      0x208 CMakeFiles/forest_detection.elf.dir/Core/Src/tim.c.obj
 .debug_abbrev  0x00000e59      0x364 CMakeFiles/forest_detection.elf.dir/Core/Src/usart.c.obj
 .debug_abbrev  0x000011bd      0x27c CMakeFiles/forest_detection.elf.dir/Drivers/STM32L0xx_HAL_Driver/Src/stm32l0xx_hal.c.obj
 .debug_abbrev  0x00001439      0x240 CMakeFiles/forest_detection.elf.dir/Drivers/STM32L0xx_HAL_Driver/Src/stm32l0xx_hal_adc.c.obj
 .debug_abbrev  0x00001679      0x261 CMakeFiles/forest_detection.elf.dir/Drivers/STM32L0xx_HAL_Driver/Src/stm32l0xx_hal_cortex.c.obj
 .debug_abbrev  0x000018da      0x1f8 CMakeFiles/forest_detection.elf.dir/Drivers/STM32L0xx_HAL_Driver/Src/stm32l0xx_hal_dma.c.obj
 .debug_abbrev  0x00001ad2      0x1d5 CMakeFiles/forest_detection.elf.dir/Drivers/STM32L0xx_HAL_Driver/Src/stm32l0xx_hal_gpio.c.obj
 .debug_abbrev  0x00001ca7      0x29e CMakeFiles/forest_detection.elf.dir/Drivers/STM32L0xx_HAL_Driver/Src/stm32l0xx_hal_rcc.c.obj
 .debug_abbrev  0x00001f45      0x1d0 CMakeFiles/forest_detection.elf.dir/Drivers/STM32L0xx_HAL_Driver/Src/stm32l0xx_hal_rcc_ex.c.obj
 .debug_abbrev  0x00002115      0x23c CMakeFiles/forest_detection.elf.dir/Drivers/STM32L0xx_HAL_Driver/Src/stm32l0xx_hal_tim.c.obj
 .debug_abbrev  0x00002351      0x1bd CMakeFiles/forest_detection.elf.dir/Drivers/STM32L0xx_HAL_Driver/Src/stm32l0xx_hal_tim_ex.c.obj
 .debug_abbrev  0x0000250e      0x2f6 CMakeFiles/forest_detection.elf.dir/Drivers/STM32L0xx_HAL_Driver/Src/stm32l0xx_hal_uart.c.obj
 .debug_abbrev  0x00002804      0x2cd CMakeFiles/forest_detection.elf.dir/Drivers/STM32L0xx_HAL_Driver/Src/stm32l0xx_hal_uart_ex.c.obj
 .debug_abbrev  0x00002ad1       0x12 CMakeFiles/forest_detection.elf.dir/startup/startup_stm32l031xx.s.obj

.debug_loc      0x00000000     0xda52
 .debug_loc     0x00000000      0xc7a CMakeFiles/forest_detection.elf.dir/Add/Src/me3616.c.obj
 .debug_loc     0x00000c7a       0x81 CMakeFiles/forest_detection.elf.dir/Core/Src/adc.c.obj
 .debug_loc     0x00000cfb      0x441 CMakeFiles/forest_detection.elf.dir/Core/Src/syscalls.c.obj
 .debug_loc     0x0000113c      0x1ef CMakeFiles/forest_detection.elf.dir/Core/Src/system_stm32l0xx.c.obj
 .debug_loc     0x0000132b       0x84 CMakeFiles/forest_detection.elf.dir/Core/Src/tim.c.obj
 .debug_loc     0x000013af      0x309 CMakeFiles/forest_detection.elf.dir/Core/Src/usart.c.obj
 .debug_loc     0x000016b8      0x172 CMakeFiles/forest_detection.elf.dir/Drivers/STM32L0xx_HAL_Driver/Src/stm32l0xx_hal.c.obj
 .debug_loc     0x0000182a      0xdb5 CMakeFiles/forest_detection.elf.dir/Drivers/STM32L0xx_HAL_Driver/Src/stm32l0xx_hal_adc.c.obj
 .debug_loc     0x000025df      0x433 CMakeFiles/forest_detection.elf.dir/Drivers/STM32L0xx_HAL_Driver/Src/stm32l0xx_hal_cortex.c.obj
 .debug_loc     0x00002a12      0x8aa CMakeFiles/forest_detection.elf.dir/Drivers/STM32L0xx_HAL_Driver/Src/stm32l0xx_hal_dma.c.obj
 .debug_loc     0x000032bc      0x3c0 CMakeFiles/forest_detection.elf.dir/Drivers/STM32L0xx_HAL_Driver/Src/stm32l0xx_hal_gpio.c.obj
 .debug_loc     0x0000367c      0x718 CMakeFiles/forest_detection.elf.dir/Drivers/STM32L0xx_HAL_Driver/Src/stm32l0xx_hal_rcc.c.obj
 .debug_loc     0x00003d94      0x532 CMakeFiles/forest_detection.elf.dir/Drivers/STM32L0xx_HAL_Driver/Src/stm32l0xx_hal_rcc_ex.c.obj
 .debug_loc     0x000042c6     0x4f54 CMakeFiles/forest_detection.elf.dir/Drivers/STM32L0xx_HAL_Driver/Src/stm32l0xx_hal_tim.c.obj
 .debug_loc     0x0000921a       0xae CMakeFiles/forest_detection.elf.dir/Drivers/STM32L0xx_HAL_Driver/Src/stm32l0xx_hal_tim_ex.c.obj
 .debug_loc     0x000092c8     0x3bf9 CMakeFiles/forest_detection.elf.dir/Drivers/STM32L0xx_HAL_Driver/Src/stm32l0xx_hal_uart.c.obj
 .debug_loc     0x0000cec1      0xb91 CMakeFiles/forest_detection.elf.dir/Drivers/STM32L0xx_HAL_Driver/Src/stm32l0xx_hal_uart_ex.c.obj

.debug_aranges  0x00000000      0xe60
 .debug_aranges
                0x00000000      0x100 CMakeFiles/forest_detection.elf.dir/Add/Src/me3616.c.obj
 .debug_aranges
                0x00000100       0x30 CMakeFiles/forest_detection.elf.dir/Core/Src/adc.c.obj
 .debug_aranges
                0x00000130       0x20 CMakeFiles/forest_detection.elf.dir/Core/Src/gpio.c.obj
 .debug_aranges
                0x00000150       0x30 CMakeFiles/forest_detection.elf.dir/Core/Src/main.c.obj
 .debug_aranges
                0x00000180       0x20 CMakeFiles/forest_detection.elf.dir/Core/Src/stm32l0xx_hal_msp.c.obj
 .debug_aranges
                0x000001a0       0x40 CMakeFiles/forest_detection.elf.dir/Core/Src/stm32l0xx_it.c.obj
 .debug_aranges
                0x000001e0       0xb0 CMakeFiles/forest_detection.elf.dir/Core/Src/syscalls.c.obj
 .debug_aranges
                0x00000290       0x28 CMakeFiles/forest_detection.elf.dir/Core/Src/system_stm32l0xx.c.obj
 .debug_aranges
                0x000002b8       0x30 CMakeFiles/forest_detection.elf.dir/Core/Src/tim.c.obj
 .debug_aranges
                0x000002e8       0x80 CMakeFiles/forest_detection.elf.dir/Core/Src/usart.c.obj
 .debug_aranges
                0x00000368      0x110 CMakeFiles/forest_detection.elf.dir/Drivers/STM32L0xx_HAL_Driver/Src/stm32l0xx_hal.c.obj
 .debug_aranges
                0x00000478      0x100 CMakeFiles/forest_detection.elf.dir/Drivers/STM32L0xx_HAL_Driver/Src/stm32l0xx_hal_adc.c.obj
 .debug_aranges
                0x00000578       0x78 CMakeFiles/forest_detection.elf.dir/Drivers/STM32L0xx_HAL_Driver/Src/stm32l0xx_hal_cortex.c.obj
 .debug_aranges
                0x000005f0       0x80 CMakeFiles/forest_detection.elf.dir/Drivers/STM32L0xx_HAL_Driver/Src/stm32l0xx_hal_dma.c.obj
 .debug_aranges
                0x00000670       0x58 CMakeFiles/forest_detection.elf.dir/Drivers/STM32L0xx_HAL_Driver/Src/stm32l0xx_hal_gpio.c.obj
 .debug_aranges
                0x000006c8       0x80 CMakeFiles/forest_detection.elf.dir/Drivers/STM32L0xx_HAL_Driver/Src/stm32l0xx_hal_rcc.c.obj
 .debug_aranges
                0x00000748       0x58 CMakeFiles/forest_detection.elf.dir/Drivers/STM32L0xx_HAL_Driver/Src/stm32l0xx_hal_rcc_ex.c.obj
 .debug_aranges
                0x000007a0      0x3d0 CMakeFiles/forest_detection.elf.dir/Drivers/STM32L0xx_HAL_Driver/Src/stm32l0xx_hal_tim.c.obj
 .debug_aranges
                0x00000b70       0x28 CMakeFiles/forest_detection.elf.dir/Drivers/STM32L0xx_HAL_Driver/Src/stm32l0xx_hal_tim_ex.c.obj
 .debug_aranges
                0x00000b98      0x228 CMakeFiles/forest_detection.elf.dir/Drivers/STM32L0xx_HAL_Driver/Src/stm32l0xx_hal_uart.c.obj
 .debug_aranges
                0x00000dc0       0x78 CMakeFiles/forest_detection.elf.dir/Drivers/STM32L0xx_HAL_Driver/Src/stm32l0xx_hal_uart_ex.c.obj
 .debug_aranges
                0x00000e38       0x28 CMakeFiles/forest_detection.elf.dir/startup/startup_stm32l031xx.s.obj

.debug_ranges   0x00000000      0xd98
 .debug_ranges  0x00000000       0xf0 CMakeFiles/forest_detection.elf.dir/Add/Src/me3616.c.obj
 .debug_ranges  0x000000f0       0x20 CMakeFiles/forest_detection.elf.dir/Core/Src/adc.c.obj
 .debug_ranges  0x00000110       0x10 CMakeFiles/forest_detection.elf.dir/Core/Src/gpio.c.obj
 .debug_ranges  0x00000120       0x20 CMakeFiles/forest_detection.elf.dir/Core/Src/main.c.obj
 .debug_ranges  0x00000140       0x10 CMakeFiles/forest_detection.elf.dir/Core/Src/stm32l0xx_hal_msp.c.obj
 .debug_ranges  0x00000150       0x30 CMakeFiles/forest_detection.elf.dir/Core/Src/stm32l0xx_it.c.obj
 .debug_ranges  0x00000180       0xa0 CMakeFiles/forest_detection.elf.dir/Core/Src/syscalls.c.obj
 .debug_ranges  0x00000220       0x18 CMakeFiles/forest_detection.elf.dir/Core/Src/system_stm32l0xx.c.obj
 .debug_ranges  0x00000238       0x20 CMakeFiles/forest_detection.elf.dir/Core/Src/tim.c.obj
 .debug_ranges  0x00000258       0x70 CMakeFiles/forest_detection.elf.dir/Core/Src/usart.c.obj
 .debug_ranges  0x000002c8      0x100 CMakeFiles/forest_detection.elf.dir/Drivers/STM32L0xx_HAL_Driver/Src/stm32l0xx_hal.c.obj
 .debug_ranges  0x000003c8       0xf0 CMakeFiles/forest_detection.elf.dir/Drivers/STM32L0xx_HAL_Driver/Src/stm32l0xx_hal_adc.c.obj
 .debug_ranges  0x000004b8       0xc8 CMakeFiles/forest_detection.elf.dir/Drivers/STM32L0xx_HAL_Driver/Src/stm32l0xx_hal_cortex.c.obj
 .debug_ranges  0x00000580       0x70 CMakeFiles/forest_detection.elf.dir/Drivers/STM32L0xx_HAL_Driver/Src/stm32l0xx_hal_dma.c.obj
 .debug_ranges  0x000005f0       0x48 CMakeFiles/forest_detection.elf.dir/Drivers/STM32L0xx_HAL_Driver/Src/stm32l0xx_hal_gpio.c.obj
 .debug_ranges  0x00000638       0xa0 CMakeFiles/forest_detection.elf.dir/Drivers/STM32L0xx_HAL_Driver/Src/stm32l0xx_hal_rcc.c.obj
 .debug_ranges  0x000006d8       0x48 CMakeFiles/forest_detection.elf.dir/Drivers/STM32L0xx_HAL_Driver/Src/stm32l0xx_hal_rcc_ex.c.obj
 .debug_ranges  0x00000720      0x3c0 CMakeFiles/forest_detection.elf.dir/Drivers/STM32L0xx_HAL_Driver/Src/stm32l0xx_hal_tim.c.obj
 .debug_ranges  0x00000ae0       0x18 CMakeFiles/forest_detection.elf.dir/Drivers/STM32L0xx_HAL_Driver/Src/stm32l0xx_hal_tim_ex.c.obj
 .debug_ranges  0x00000af8      0x218 CMakeFiles/forest_detection.elf.dir/Drivers/STM32L0xx_HAL_Driver/Src/stm32l0xx_hal_uart.c.obj
 .debug_ranges  0x00000d10       0x68 CMakeFiles/forest_detection.elf.dir/Drivers/STM32L0xx_HAL_Driver/Src/stm32l0xx_hal_uart_ex.c.obj
 .debug_ranges  0x00000d78       0x20 CMakeFiles/forest_detection.elf.dir/startup/startup_stm32l031xx.s.obj

.debug_line     0x00000000     0xf598
 .debug_line    0x00000000      0xad9 CMakeFiles/forest_detection.elf.dir/Add/Src/me3616.c.obj
 .debug_line    0x00000ad9      0x394 CMakeFiles/forest_detection.elf.dir/Core/Src/adc.c.obj
 .debug_line    0x00000e6d      0x264 CMakeFiles/forest_detection.elf.dir/Core/Src/gpio.c.obj
 .debug_line    0x000010d1      0x393 CMakeFiles/forest_detection.elf.dir/Core/Src/main.c.obj
 .debug_line    0x00001464      0x158 CMakeFiles/forest_detection.elf.dir/Core/Src/stm32l0xx_hal_msp.c.obj
 .debug_line    0x000015bc      0x139 CMakeFiles/forest_detection.elf.dir/Core/Src/stm32l0xx_it.c.obj
 .debug_line    0x000016f5      0x45b CMakeFiles/forest_detection.elf.dir/Core/Src/syscalls.c.obj
 .debug_line    0x00001b50      0x263 CMakeFiles/forest_detection.elf.dir/Core/Src/system_stm32l0xx.c.obj
 .debug_line    0x00001db3      0x334 CMakeFiles/forest_detection.elf.dir/Core/Src/tim.c.obj
 .debug_line    0x000020e7      0x70e CMakeFiles/forest_detection.elf.dir/Core/Src/usart.c.obj
 .debug_line    0x000027f5      0x644 CMakeFiles/forest_detection.elf.dir/Drivers/STM32L0xx_HAL_Driver/Src/stm32l0xx_hal.c.obj
 .debug_line    0x00002e39      0xff6 CMakeFiles/forest_detection.elf.dir/Drivers/STM32L0xx_HAL_Driver/Src/stm32l0xx_hal_adc.c.obj
 .debug_line    0x00003e2f      0x52f CMakeFiles/forest_detection.elf.dir/Drivers/STM32L0xx_HAL_Driver/Src/stm32l0xx_hal_cortex.c.obj
 .debug_line    0x0000435e      0x9a1 CMakeFiles/forest_detection.elf.dir/Drivers/STM32L0xx_HAL_Driver/Src/stm32l0xx_hal_dma.c.obj
 .debug_line    0x00004cff      0x673 CMakeFiles/forest_detection.elf.dir/Drivers/STM32L0xx_HAL_Driver/Src/stm32l0xx_hal_gpio.c.obj
 .debug_line    0x00005372      0xd71 CMakeFiles/forest_detection.elf.dir/Drivers/STM32L0xx_HAL_Driver/Src/stm32l0xx_hal_rcc.c.obj
 .debug_line    0x000060e3      0x699 CMakeFiles/forest_detection.elf.dir/Drivers/STM32L0xx_HAL_Driver/Src/stm32l0xx_hal_rcc_ex.c.obj
 .debug_line    0x0000677c     0x4125 CMakeFiles/forest_detection.elf.dir/Drivers/STM32L0xx_HAL_Driver/Src/stm32l0xx_hal_tim.c.obj
 .debug_line    0x0000a8a1      0x31c CMakeFiles/forest_detection.elf.dir/Drivers/STM32L0xx_HAL_Driver/Src/stm32l0xx_hal_tim_ex.c.obj
 .debug_line    0x0000abbd     0x3dac CMakeFiles/forest_detection.elf.dir/Drivers/STM32L0xx_HAL_Driver/Src/stm32l0xx_hal_uart.c.obj
 .debug_line    0x0000e969      0xb8e CMakeFiles/forest_detection.elf.dir/Drivers/STM32L0xx_HAL_Driver/Src/stm32l0xx_hal_uart_ex.c.obj
 .debug_line    0x0000f4f7       0xa1 CMakeFiles/forest_detection.elf.dir/startup/startup_stm32l031xx.s.obj

.debug_str      0x00000000     0x4914
 .debug_str     0x00000000      0xdb0 CMakeFiles/forest_detection.elf.dir/Add/Src/me3616.c.obj
                                0xee4 (size before relaxing)
 .debug_str     0x00000db0      0x3ca CMakeFiles/forest_detection.elf.dir/Core/Src/adc.c.obj
                                0x7b2 (size before relaxing)
 .debug_str     0x0000117a       0x3f CMakeFiles/forest_detection.elf.dir/Core/Src/gpio.c.obj
                                0x33c (size before relaxing)
 .debug_str     0x000011b9      0x2a5 CMakeFiles/forest_detection.elf.dir/Core/Src/main.c.obj
                                0x4ac (size before relaxing)
 .debug_str     0x0000145e       0x4b CMakeFiles/forest_detection.elf.dir/Core/Src/stm32l0xx_hal_msp.c.obj
                                0x280 (size before relaxing)
 .debug_str     0x000014a9       0x8f CMakeFiles/forest_detection.elf.dir/Core/Src/stm32l0xx_it.c.obj
                                0x218 (size before relaxing)
 .debug_str     0x00001538      0x250 CMakeFiles/forest_detection.elf.dir/Core/Src/syscalls.c.obj
                                0x45d (size before relaxing)
 .debug_str     0x00001788       0xc6 CMakeFiles/forest_detection.elf.dir/Core/Src/system_stm32l0xx.c.obj
                                0x30d (size before relaxing)
 .debug_str     0x0000184e      0x2fa CMakeFiles/forest_detection.elf.dir/Core/Src/tim.c.obj
                                0xa6c (size before relaxing)
 .debug_str     0x00001b48      0x515 CMakeFiles/forest_detection.elf.dir/Core/Src/usart.c.obj
                                0xe24 (size before relaxing)